================================================================
34: INFO: Setting Mode to: one-at-a-time
================
35: fa_wr_REQ: id 1001 addr ffffffff sizecode 7 (0x80 bytes) strb ffffffffffffffff
     1f1e1d1c1b1a1918 1716151413121110 0f0e0d0c0b0a0908 0706050403020100
     3f3e3d3c3b3a3938 3736353433323130 2f2e2d2c2b2a2928 2726252423222120
36: AXI4_to_ST:rl_start_xaction ================
  ERROR: illegal AXI4 request
    awsize 0x80 bytes > axi data bus width 0x40 bytes
36: AXI4_to_ST:rl_start_xaction ================
  ERROR: illegal AXI4 request
    awlen 0x2; only awlen 0 (1-beat bursts) supported
  Discarding: AXI4_AW { awid: 'h1001, awaddr: 'h00000000ffffffff, awlen: 'h02, awsize: 'h7, awburst: 'h1, awlock: 'h0, awcache: 'h0, awprot: 'h0, awqos: 'h0, awregion: 'h0, awuser: 'h0 }
41: rl_AXI4_B: AXI4_B { bid: 'h1001, bresp: 'h2, buser: 'h0 }
================
42: fa_wr_REQ: id 1002 addr 80000025 sizecode 3 (0x8 bytes) strb ffffffffffffffff
     1f1e1d1c1b1a1918 1716151413121110 0f0e0d0c0b0a0908 0706050403020100
     3f3e3d3c3b3a3938 3736353433323130 2f2e2d2c2b2a2928 2726252423222120
48:   rl_st_handler: SB addr 80000025 data 0000000000000025
49:   rl_st_handler: SH addr 80000026 data 0000000000002726
52: rl_AXI4_B: AXI4_B { bid: 'h1002, bresp: 'h0, buser: 'h0 }
================
53: fa_wr_REQ: id 1003 addr 80000025 sizecode 4 (0x10 bytes) strb ffffffffffffffff
     1f1e1d1c1b1a1918 1716151413121110 0f0e0d0c0b0a0908 0706050403020100
     3f3e3d3c3b3a3938 3736353433323130 2f2e2d2c2b2a2928 2726252423222120
59:   rl_st_handler: SB addr 80000025 data 0000000000000025
60:   rl_st_handler: SH addr 80000026 data 0000000000002726
61:   rl_st_handler: SD addr 80000028 data 2f2e2d2c2b2a2928
64: rl_AXI4_B: AXI4_B { bid: 'h1003, bresp: 'h0, buser: 'h0 }
================
65: fa_wr_REQ: id 1004 addr 80000025 sizecode 5 (0x20 bytes) strb ffffffffffffffff
     1f1e1d1c1b1a1918 1716151413121110 0f0e0d0c0b0a0908 0706050403020100
     3f3e3d3c3b3a3938 3736353433323130 2f2e2d2c2b2a2928 2726252423222120
71:   rl_st_handler: SB addr 80000025 data 0000000000000025
72:   rl_st_handler: SH addr 80000026 data 0000000000002726
73:   rl_st_handler: SD addr 80000028 data 2f2e2d2c2b2a2928
74:   rl_st_handler: SD addr 80000030 data 3736353433323130
75:   rl_st_handler: SD addr 80000038 data 3f3e3d3c3b3a3938
78: rl_AXI4_B: AXI4_B { bid: 'h1004, bresp: 'h0, buser: 'h0 }
================
79: fa_wr_REQ: id 1005 addr 80000025 sizecode 6 (0x40 bytes) strb ffffffffffffffff
     1f1e1d1c1b1a1918 1716151413121110 0f0e0d0c0b0a0908 0706050403020100
     3f3e3d3c3b3a3938 3736353433323130 2f2e2d2c2b2a2928 2726252423222120
85:   rl_st_handler: SB addr 80000025 data 0000000000000025
86:   rl_st_handler: SH addr 80000026 data 0000000000002726
87:   rl_st_handler: SD addr 80000028 data 2f2e2d2c2b2a2928
88:   rl_st_handler: SD addr 80000030 data 3736353433323130
89:   rl_st_handler: SD addr 80000038 data 3f3e3d3c3b3a3938
92: rl_AXI4_B: AXI4_B { bid: 'h1005, bresp: 'h0, buser: 'h0 }
================
93: fa_wr_REQ: id 1010 addr 40000000 sizecode 6 (0x40 bytes) strb ffffffffffffffff
     1f1e1d1c1b1a1918 1716151413121110 0f0e0d0c0b0a0908 0706050403020100
     3f3e3d3c3b3a3938 3736353433323130 2f2e2d2c2b2a2928 2726252423222120
95:   rl_st_handler: SD addr 40000000 data 0706050403020100
96:   rl_st_handler: SD addr 40000008 data 0f0e0d0c0b0a0908
97:   rl_st_handler: SD addr 40000010 data 1716151413121110
98:   rl_st_handler: SD addr 40000018 data 1f1e1d1c1b1a1918
99:   rl_st_handler: SD addr 40000020 data 2726252423222120
100:   rl_st_handler: SD addr 40000028 data 2f2e2d2c2b2a2928
101:   rl_st_handler: SD addr 40000030 data 3736353433323130
102:   rl_st_handler: SD addr 40000038 data 3f3e3d3c3b3a3938
105: rl_AXI4_B: AXI4_B { bid: 'h1010, bresp: 'h0, buser: 'h0 }
================
106: fa_wr_REQ: id 1020 addr 10009 sizecode 3 (0x8 bytes) strb ffffffffffffffff
     1f1e1d1c1b1a1918 1716151413121110 0f0e0d0c0b0a0908 0706050403020100
     3f3e3d3c3b3a3938 3736353433323130 2f2e2d2c2b2a2928 2726252423222120
109:   rl_st_handler: SB addr 10009 data 0000000000000009
110:   rl_st_handler: SH addr 1000a data 0000000000000b0a
111:   rl_st_handler: SW addr 1000c data 000000000f0e0d0c
114: rl_AXI4_B: AXI4_B { bid: 'h1020, bresp: 'h0, buser: 'h0 }
================
115: fa_wr_REQ: id 1021 addr 10009 sizecode 3 (0x8 bytes) strb 0000000000007e00
     1f1e1d1c1b1a1918 1716151413121110 0f0e0d0c0b0a0908 0706050403020100
     3f3e3d3c3b3a3938 3736353433323130 2f2e2d2c2b2a2928 2726252423222120
118:   rl_st_handler: SB addr 10009 data 0000000000000009
119:   rl_st_handler: SH addr 1000a data 0000000000000b0a
120:   rl_st_handler: SH addr 1000c data 0000000000000d0c
121:   rl_st_handler: SB addr 1000e data 000000000000000e
124: rl_AXI4_B: AXI4_B { bid: 'h1021, bresp: 'h0, buser: 'h0 }
================================================================
148: INFO: Setting Mode to: pipelined, cur_cycle
================
149: fa_wr_REQ: id 2001 addr ffffffff sizecode 7 (0x80 bytes) strb ffffffffffffffff
     1f1e1d1c1b1a1918 1716151413121110 0f0e0d0c0b0a0908 0706050403020100
     3f3e3d3c3b3a3938 3736353433323130 2f2e2d2c2b2a2928 2726252423222120
150: AXI4_to_ST:rl_start_xaction ================
  ERROR: illegal AXI4 request
    awsize 0x80 bytes > axi data bus width 0x40 bytes
150: AXI4_to_ST:rl_start_xaction ================
  ERROR: illegal AXI4 request
    awlen 0x2; only awlen 0 (1-beat bursts) supported
  Discarding: AXI4_AW { awid: 'h2001, awaddr: 'h00000000ffffffff, awlen: 'h02, awsize: 'h7, awburst: 'h1, awlock: 'h0, awcache: 'h0, awprot: 'h0, awqos: 'h0, awregion: 'h0, awuser: 'h0 }
================
153: fa_wr_REQ: id 2002 addr 80000025 sizecode 3 (0x8 bytes) strb ffffffffffffffff
     1f1e1d1c1b1a1918 1716151413121110 0f0e0d0c0b0a0908 0706050403020100
     3f3e3d3c3b3a3938 3736353433323130 2f2e2d2c2b2a2928 2726252423222120
================
154: fa_wr_REQ: id 2003 addr 80000025 sizecode 4 (0x10 bytes) strb ffffffffffffffff
     1f1e1d1c1b1a1918 1716151413121110 0f0e0d0c0b0a0908 0706050403020100
     3f3e3d3c3b3a3938 3736353433323130 2f2e2d2c2b2a2928 2726252423222120
155: rl_AXI4_B: AXI4_B { bid: 'h2001, bresp: 'h2, buser: 'h0 }
159:   rl_st_handler: SB addr 80000025 data 0000000000000025
160:   rl_st_handler: SH addr 80000026 data 0000000000002726
================
161: fa_wr_REQ: id 2004 addr 80000025 sizecode 5 (0x20 bytes) strb ffffffffffffffff
     1f1e1d1c1b1a1918 1716151413121110 0f0e0d0c0b0a0908 0706050403020100
     3f3e3d3c3b3a3938 3736353433323130 2f2e2d2c2b2a2928 2726252423222120
163: rl_AXI4_B: AXI4_B { bid: 'h2002, bresp: 'h0, buser: 'h0 }
166:   rl_st_handler: SB addr 80000025 data 0000000000000025
167:   rl_st_handler: SH addr 80000026 data 0000000000002726
168:   rl_st_handler: SD addr 80000028 data 2f2e2d2c2b2a2928
================
169: fa_wr_REQ: id 2005 addr 80000025 sizecode 6 (0x40 bytes) strb ffffffffffffffff
     1f1e1d1c1b1a1918 1716151413121110 0f0e0d0c0b0a0908 0706050403020100
     3f3e3d3c3b3a3938 3736353433323130 2f2e2d2c2b2a2928 2726252423222120
171: rl_AXI4_B: AXI4_B { bid: 'h2003, bresp: 'h0, buser: 'h0 }
174:   rl_st_handler: SB addr 80000025 data 0000000000000025
175:   rl_st_handler: SH addr 80000026 data 0000000000002726
176:   rl_st_handler: SD addr 80000028 data 2f2e2d2c2b2a2928
177:   rl_st_handler: SD addr 80000030 data 3736353433323130
178:   rl_st_handler: SD addr 80000038 data 3f3e3d3c3b3a3938
================
179: fa_wr_REQ: id 2010 addr 40000000 sizecode 6 (0x40 bytes) strb ffffffffffffffff
     1f1e1d1c1b1a1918 1716151413121110 0f0e0d0c0b0a0908 0706050403020100
     3f3e3d3c3b3a3938 3736353433323130 2f2e2d2c2b2a2928 2726252423222120
181: rl_AXI4_B: AXI4_B { bid: 'h2004, bresp: 'h0, buser: 'h0 }
184:   rl_st_handler: SB addr 80000025 data 0000000000000025
185:   rl_st_handler: SH addr 80000026 data 0000000000002726
186:   rl_st_handler: SD addr 80000028 data 2f2e2d2c2b2a2928
187:   rl_st_handler: SD addr 80000030 data 3736353433323130
188:   rl_st_handler: SD addr 80000038 data 3f3e3d3c3b3a3938
================
189: fa_wr_REQ: id 2020 addr 10009 sizecode 3 (0x8 bytes) strb ffffffffffffffff
     1f1e1d1c1b1a1918 1716151413121110 0f0e0d0c0b0a0908 0706050403020100
     3f3e3d3c3b3a3938 3736353433323130 2f2e2d2c2b2a2928 2726252423222120
190:   rl_st_handler: SD addr 40000000 data 0706050403020100
191:   rl_st_handler: SD addr 40000008 data 0f0e0d0c0b0a0908
191: rl_AXI4_B: AXI4_B { bid: 'h2005, bresp: 'h0, buser: 'h0 }
192:   rl_st_handler: SD addr 40000010 data 1716151413121110
193:   rl_st_handler: SD addr 40000018 data 1f1e1d1c1b1a1918
194:   rl_st_handler: SD addr 40000020 data 2726252423222120
195:   rl_st_handler: SD addr 40000028 data 2f2e2d2c2b2a2928
196:   rl_st_handler: SD addr 40000030 data 3736353433323130
197:   rl_st_handler: SD addr 40000038 data 3f3e3d3c3b3a3938
================
198: fa_wr_REQ: id 2021 addr 10009 sizecode 3 (0x8 bytes) strb 0000000000007e00
     1f1e1d1c1b1a1918 1716151413121110 0f0e0d0c0b0a0908 0706050403020100
     3f3e3d3c3b3a3938 3736353433323130 2f2e2d2c2b2a2928 2726252423222120
200:   rl_st_handler: SB addr 10009 data 0000000000000009
200: rl_AXI4_B: AXI4_B { bid: 'h2010, bresp: 'h0, buser: 'h0 }
201:   rl_st_handler: SH addr 1000a data 0000000000000b0a
202:   rl_st_handler: SW addr 1000c data 000000000f0e0d0c
205:   rl_st_handler: SB addr 10009 data 0000000000000009
205: rl_AXI4_B: AXI4_B { bid: 'h2020, bresp: 'h0, buser: 'h0 }
206:   rl_st_handler: SH addr 1000a data 0000000000000b0a
207:   rl_st_handler: SH addr 1000c data 0000000000000d0c
208:   rl_st_handler: SB addr 1000e data 000000000000000e
211: rl_AXI4_B: AXI4_B { bid: 'h2021, bresp: 'h0, buser: 'h0 }
================================================================
231: INFO: Setting Mode to: one-at-a-time
================
232: fa_rd_REQ: id 3001 addr ffffffff sizecode 7 (0x80 bytes)
233: AXI4_to_LD:rl_start_xaction ================
  ERROR: illegal AXI4 request
    awsize 0x80 bytes > axi data bus width 0x40 bytes
233: AXI4_to_LD:rl_start_xaction ================
  ERROR: illegal AXI4 request
    arlen 0x2; only arlen 0 (1-beat bursts) supported
  Discarding: AXI4_AR { arid: 'h3001, araddr: 'h00000000ffffffff, arlen: 'h02, arsize: 'h7, arburst: 'h1, arlock: 'h0, arcache: 'h0, arprot: 'h0, arqos: 'h0, arregion: 'h0, aruser: 'h0 }
244: rl_AXI4_R: 
    rid 3001  resp 2  rlast 1  ruser 0
     0000000000000000 0000000000000000 0000000000000000 0000000000000000
     0000000000000000 0000000000000000 0000000000000000 0000000000000000
================
245: fa_rd_REQ: id 3002 addr 80000025 sizecode 3 (0x8 bytes)
251:   rl_ld_handler: LB addr 80000025 => data 25
252:   rl_ld_handler: LH addr 80000026 => data 2726
258: rl_AXI4_R: 
    rid 3002  resp 0  rlast 1  ruser 0
     0000000000000000 0000000000000000 0000000000000000 0000000000000000
     0000000000000000 0000000000000000 0000000000000000 2726250000000000
================
259: fa_rd_REQ: id 3003 addr 80000025 sizecode 4 (0x10 bytes)
265:   rl_ld_handler: LB addr 80000025 => data 25
266:   rl_ld_handler: LH addr 80000026 => data 2726
267:   rl_ld_handler: LD addr 80000028 => data 2f2e2d2c2b2a2928
272: rl_AXI4_R: 
    rid 3003  resp 0  rlast 1  ruser 0
     0000000000000000 0000000000000000 0000000000000000 0000000000000000
     0000000000000000 0000000000000000 2f2e2d2c2b2a2928 2726250000000000
================
273: fa_rd_REQ: id 3004 addr 80000025 sizecode 5 (0x20 bytes)
279:   rl_ld_handler: LB addr 80000025 => data 25
280:   rl_ld_handler: LH addr 80000026 => data 2726
281:   rl_ld_handler: LD addr 80000028 => data 2f2e2d2c2b2a2928
282:   rl_ld_handler: LD addr 80000030 => data 3736353433323130
283:   rl_ld_handler: LD addr 80000038 => data 3f3e3d3c3b3a3938
286: rl_AXI4_R: 
    rid 3004  resp 0  rlast 1  ruser 0
     0000000000000000 0000000000000000 0000000000000000 0000000000000000
     3f3e3d3c3b3a3938 3736353433323130 2f2e2d2c2b2a2928 2726250000000000
================
287: fa_rd_REQ: id 3005 addr 80000025 sizecode 6 (0x40 bytes)
293:   rl_ld_handler: LB addr 80000025 => data 25
294:   rl_ld_handler: LH addr 80000026 => data 2726
295:   rl_ld_handler: LD addr 80000028 => data 2f2e2d2c2b2a2928
296:   rl_ld_handler: LD addr 80000030 => data 3736353433323130
297:   rl_ld_handler: LD addr 80000038 => data 3f3e3d3c3b3a3938
300: rl_AXI4_R: 
    rid 3005  resp 0  rlast 1  ruser 0
     0000000000000000 0000000000000000 0000000000000000 0000000000000000
     3f3e3d3c3b3a3938 3736353433323130 2f2e2d2c2b2a2928 2726250000000000
================
301: fa_rd_REQ: id 3010 addr 40000000 sizecode 6 (0x40 bytes)
303:   rl_ld_handler: LD addr 40000000 => data 706050403020100
304:   rl_ld_handler: LD addr 40000008 => data f0e0d0c0b0a0908
305:   rl_ld_handler: LD addr 40000010 => data 1716151413121110
306:   rl_ld_handler: LD addr 40000018 => data 1f1e1d1c1b1a1918
307:   rl_ld_handler: LD addr 40000020 => data 2726252423222120
308:   rl_ld_handler: LD addr 40000028 => data 2f2e2d2c2b2a2928
309:   rl_ld_handler: LD addr 40000030 => data 3736353433323130
310:   rl_ld_handler: LD addr 40000038 => data 3f3e3d3c3b3a3938
313: rl_AXI4_R: 
    rid 3010  resp 0  rlast 1  ruser 0
     1f1e1d1c1b1a1918 1716151413121110 0f0e0d0c0b0a0908 0706050403020100
     3f3e3d3c3b3a3938 3736353433323130 2f2e2d2c2b2a2928 2726252423222120
================
314: fa_rd_REQ: id 3020 addr 10009 sizecode 3 (0x8 bytes)
317:   rl_ld_handler: LB addr 10009 => data 9
318:   rl_ld_handler: LH addr 1000a => data b0a
319:   rl_ld_handler: LW addr 1000c => data f0e0d0c
328: rl_AXI4_R: 
    rid 3020  resp 0  rlast 1  ruser 0
     0000000000000000 0000000000000000 0f0e0d0c0b0a0900 0000000000000000
     0000000000000000 0000000000000000 0000000000000000 0000000000000000
================================================================
347: INFO: Setting Mode to: pipelined, cur_cycle
================
348: fa_rd_REQ: id 4001 addr ffffffff sizecode 7 (0x80 bytes)
349: AXI4_to_LD:rl_start_xaction ================
  ERROR: illegal AXI4 request
    awsize 0x80 bytes > axi data bus width 0x40 bytes
349: AXI4_to_LD:rl_start_xaction ================
  ERROR: illegal AXI4 request
    arlen 0x2; only arlen 0 (1-beat bursts) supported
  Discarding: AXI4_AR { arid: 'h4001, araddr: 'h00000000ffffffff, arlen: 'h02, arsize: 'h7, arburst: 'h1, arlock: 'h0, arcache: 'h0, arprot: 'h0, arqos: 'h0, arregion: 'h0, aruser: 'h0 }
================
349: fa_rd_REQ: id 4002 addr 80000025 sizecode 3 (0x8 bytes)
================
351: fa_rd_REQ: id 4003 addr 80000025 sizecode 4 (0x10 bytes)
356:   rl_ld_handler: LB addr 80000025 => data 25
357:   rl_ld_handler: LH addr 80000026 => data 2726
================
358: fa_rd_REQ: id 4004 addr 80000025 sizecode 5 (0x20 bytes)
360: rl_AXI4_R: 
    rid 4001  resp 2  rlast 1  ruser 0
     0000000000000000 0000000000000000 0000000000000000 0000000000000000
     0000000000000000 0000000000000000 0000000000000000 0000000000000000
365:   rl_ld_handler: LB addr 80000025 => data 25
366:   rl_ld_handler: LH addr 80000026 => data 2726
================
368: fa_rd_REQ: id 4005 addr 80000025 sizecode 6 (0x40 bytes)
370: rl_AXI4_R: 
    rid 4002  resp 0  rlast 1  ruser 0
     0000000000000000 0000000000000000 0000000000000000 0000000000000000
     0000000000000000 0000000000000000 0000000000000000 2726250000000000
375:   rl_ld_handler: LD addr 80000028 => data 2f2e2d2c2b2a2928
376:   rl_ld_handler: LB addr 80000025 => data 25
377:   rl_ld_handler: LH addr 80000026 => data 2726
380: rl_AXI4_R: 
    rid 4003  resp 0  rlast 1  ruser 0
     0000000000000000 0000000000000000 0000000000000000 0000000000000000
     0000000000000000 0000000000000000 2f2e2d2c2b2a2928 2726250000000000
385:   rl_ld_handler: LD addr 80000028 => data 2f2e2d2c2b2a2928
386:   rl_ld_handler: LD addr 80000030 => data 3736353433323130
387:   rl_ld_handler: LD addr 80000038 => data 3f3e3d3c3b3a3938
================
388: fa_rd_REQ: id 4010 addr 40000000 sizecode 6 (0x40 bytes)
390: rl_AXI4_R: 
    rid 4004  resp 0  rlast 1  ruser 0
     0000000000000000 0000000000000000 0000000000000000 0000000000000000
     3f3e3d3c3b3a3938 3736353433323130 2f2e2d2c2b2a2928 2726250000000000
393:   rl_ld_handler: LB addr 80000025 => data 25
394:   rl_ld_handler: LH addr 80000026 => data 2726
395:   rl_ld_handler: LD addr 80000028 => data 2f2e2d2c2b2a2928
396:   rl_ld_handler: LD addr 80000030 => data 3736353433323130
397:   rl_ld_handler: LD addr 80000038 => data 3f3e3d3c3b3a3938
================
398: fa_rd_REQ: id 4020 addr 10009 sizecode 3 (0x8 bytes)
399:   rl_ld_handler: LD addr 40000000 => data 706050403020100
400:   rl_ld_handler: LD addr 40000008 => data f0e0d0c0b0a0908
400: rl_AXI4_R: 
    rid 4005  resp 0  rlast 1  ruser 0
     0000000000000000 0000000000000000 0000000000000000 0000000000000000
     3f3e3d3c3b3a3938 3736353433323130 2f2e2d2c2b2a2928 2726250000000000
401:   rl_ld_handler: LD addr 40000010 => data 1716151413121110
402:   rl_ld_handler: LD addr 40000018 => data 1f1e1d1c1b1a1918
403:   rl_ld_handler: LD addr 40000020 => data 2726252423222120
404:   rl_ld_handler: LD addr 40000028 => data 2f2e2d2c2b2a2928
405:   rl_ld_handler: LD addr 40000030 => data 3736353433323130
406:   rl_ld_handler: LD addr 40000038 => data 3f3e3d3c3b3a3938
409:   rl_ld_handler: LB addr 10009 => data 9
409: rl_AXI4_R: 
    rid 4010  resp 0  rlast 1  ruser 0
     1f1e1d1c1b1a1918 1716151413121110 0f0e0d0c0b0a0908 0706050403020100
     3f3e3d3c3b3a3938 3736353433323130 2f2e2d2c2b2a2928 2726252423222120
410:   rl_ld_handler: LH addr 1000a => data b0a
411:   rl_ld_handler: LW addr 1000c => data f0e0d0c
420: rl_AXI4_R: 
    rid 4020  resp 0  rlast 1  ruser 0
     0000000000000000 0000000000000000 0f0e0d0c0b0a0900 0000000000000000
     0000000000000000 0000000000000000 0000000000000000 0000000000000000
================
1423: fa_rd_REQ: id ffff addr ffffffff sizecode 3 (0x8 bytes)
1432:   rl_ld_handler: LB addr ffffffff => data 3f
1435: rl_AXI4_R: 
    rid ffff  resp 0  rlast 1  ruser 0
     0000000000000000 0000000000000000 0000000000000000 0000000000000000
     3f00000000000000 0000000000000000 0000000000000000 0000000000000000
    Sentinel r (rid == '1); exit
