params:
  mem_type = DDR
  m_a_type = Normal
  m_b_type = Normal
  s_request_latency  = 0
  s_response_latency = 0
  m_request_latency  = 0
  m_response_latency = 0
test           1
A       1000
A       2000
A       3000
B         10
A       4000
A       5000
A       6000
B         20
A       7000
A       8000
A       9000
A      10000
B         30
A      11000
A      12000
A      13000
A      14000
B         40
A      15000
A      16000
A      17000
B         50
A      18000
A      19000
A      20000
A      21000
B         60
A      22000
A      23000
A      24000
B         70
A      25000
A      26000
A      27000
A      28000
B         80
A      29000
A      30000
A      31000
A      32000
B         90
A      33000
A      34000
A      35000
B        100
A      36000
A      37000
A      38000
A      39000
B        110
A      40000
A      41000
A      42000
A      43000
B        120
A      44000
A      45000
A      46000
B        130
A      47000
A      48000
A      49000
A      50000
B        140
A      51000
A      52000
A      53000
B        150
A      54000
A      55000
A      56000
A      57000
B        160
A      58000
A      59000
A      60000
A      61000
B        170
A      62000
A      63000
A      64000
B        180
A      65000
A      66000
A      67000
A      68000
B        190
A      69000
A      70000
A      71000
A      72000
B        200
A      73000
A      74000
A      75000
B        210
A      76000
A      77000
A      78000
A      79000
B        220
A      80000
A      81000
A      82000
B        230
A      83000
A      84000
A      85000
A      86000
B        240
A      87000
A      88000
A      89000
A      90000
B        250
A      91000
A      92000
A      93000
B        260
A      94000
A      95000
A      96000
A      97000
B        270
A      98000
A      99000
A     100000
B        280
A     101000
PASS
