========= Result aaaa: 100 =========
========= Result bbbb: 25 =========
========= Result cccc: 240000 =========
