(65) DMA: receiving descriptor (src: 18c dst: 634 len: 13)
(75) TM (0) 0 Read  Op 0000018c 00000003
(85) TM (0) 0 Read  Op 00000190 00000004
(85) TM (0) 0 Write Op 00000634 00000003
(95) TM (0) 0 Read  Op 00000194 00000005
(95) TM (0) 0 Write Op 00000638 00000004
(105) TM (0) 0 Read  Op 00000198 00000006
(105) TM (0) 0 Write Op 0000063c 00000005
(115) TM (0) 0 Read  Op 0000019c 00000007
(115) TM (0) 0 Write Op 00000640 00000006
(125) TM (0) 0 Read  Op 000001a0 00000008
(125) TM (0) 0 Write Op 00000644 00000007
(135) TM (0) 0 Read  Op 000001a4 00000009
(135) TM (0) 0 Write Op 00000648 00000008
(145) TM (0) 0 Read  Op 000001a8 0000000a
(145) TM (0) 0 Write Op 0000064c 00000009
(155) TM (0) 0 Read  Op 000001ac 0000000b
(155) TM (0) 0 Write Op 00000650 0000000a
(165) TM (0) 0 Read  Op 000001b0 0000000c
(165) TM (0) 0 Write Op 00000654 0000000b
(175) TM (0) 0 Read  Op 000001b4 0000000d
(175) TM (0) 0 Write Op 00000658 0000000c
(185) TM (0) 0 Read  Op 000001b8 0000000e
(185) TM (0) 0 Write Op 0000065c 0000000d
(195) TM (0) 0 Read  Op 000001bc 0000000f
(195) TM (0) 0 Write Op 00000660 0000000e
(205) TM (0) 0 Write Op 00000664 0000000f
(305) DMA: receiving descriptor (src: 194 dst: 404 len: 18)
(315) TM (0) 0 Read  Op 00000194 00000005
(325) TM (0) 0 Read  Op 00000198 00000006
(325) TM (0) 0 Write Op 00000404 00000005
(335) TM (0) 0 Read  Op 0000019c 00000007
(335) TM (0) 0 Write Op 00000408 00000006
(345) TM (0) 0 Read  Op 000001a0 00000008
(345) TM (0) 0 Write Op 0000040c 00000007
(355) TM (0) 0 Read  Op 000001a4 00000009
(355) TM (0) 0 Write Op 00000410 00000008
(365) TM (0) 0 Read  Op 000001a8 0000000a
(365) TM (0) 0 Write Op 00000414 00000009
(375) TM (0) 0 Read  Op 000001ac 0000000b
(375) TM (0) 0 Write Op 00000418 0000000a
(385) TM (0) 0 Read  Op 000001b0 0000000c
(385) TM (0) 0 Write Op 0000041c 0000000b
(395) TM (0) 0 Read  Op 000001b4 0000000d
(395) TM (0) 0 Write Op 00000420 0000000c
(405) TM (0) 0 Read  Op 000001b8 0000000e
(405) TM (0) 0 Write Op 00000424 0000000d
(415) TM (0) 0 Read  Op 000001bc 0000000f
(415) TM (0) 0 Write Op 00000428 0000000e
(425) TM (0) 0 Read  Op 000001c0 00000000
(425) TM (0) 0 Write Op 0000042c 0000000f
(435) TM (0) 0 Read  Op 000001c4 00000001
(435) TM (0) 0 Write Op 00000430 00000000
(445) TM (0) 0 Read  Op 000001c8 00000002
(445) TM (0) 0 Write Op 00000434 00000001
(455) TM (0) 0 Read  Op 000001cc 00000003
(455) TM (0) 0 Write Op 00000438 00000002
(465) TM (0) 0 Read  Op 000001d0 00000004
(465) TM (0) 0 Write Op 0000043c 00000003
(475) TM (0) 0 Read  Op 00000194 00000005
(475) TM (0) 0 Write Op 00000440 00000004
(485) TM (0) 0 Read  Op 00000198 00000006
(485) TM (0) 0 Write Op 00000444 00000005
(495) TM (0) 0 Write Op 00000448 00000006
(585) DMA: receiving descriptor (src: 434 dst: 4f4 len: 54)
(595) TM (0) 0 Read  Op 00000434 00000001
(605) TM (0) 0 Read  Op 00000438 00000002
(605) TM (0) 0 Write Op 000004f4 00000001
(615) TM (0) 0 Read  Op 0000043c 00000003
(615) TM (0) 0 Write Op 000004f8 00000002
(625) TM (0) 0 Read  Op 00000440 00000004
(625) TM (0) 0 Write Op 000004fc 00000003
(635) TM (0) 0 Read  Op 00000444 00000005
(635) TM (0) 0 Write Op 00000500 00000004
(645) TM (0) 0 Read  Op 00000448 00000006
(645) TM (0) 0 Write Op 00000504 00000005
(655) TM (0) 0 Read  Op 0000044c 00000003
(655) TM (0) 0 Write Op 00000508 00000006
(665) TM (0) 0 Read  Op 00000450 00000004
(665) TM (0) 0 Write Op 0000050c 00000003
(675) TM (0) 0 Read  Op 00000454 00000005
(675) TM (0) 0 Write Op 00000510 00000004
(685) TM (0) 0 Read  Op 00000458 00000006
(685) TM (0) 0 Write Op 00000514 00000005
(695) TM (0) 0 Read  Op 0000045c 00000007
(695) TM (0) 0 Write Op 00000518 00000006
(705) TM (0) 0 Read  Op 00000460 00000008
(705) TM (0) 0 Write Op 0000051c 00000007
(715) TM (0) 0 Read  Op 00000464 00000009
(715) TM (0) 0 Write Op 00000520 00000008
(725) TM (0) 0 Read  Op 00000468 0000000a
(725) TM (0) 0 Write Op 00000524 00000009
(735) TM (0) 0 Read  Op 0000046c 0000000b
(735) TM (0) 0 Write Op 00000528 0000000a
(745) TM (0) 0 Read  Op 00000470 0000000c
(745) TM (0) 0 Write Op 0000052c 0000000b
(755) TM (0) 0 Read  Op 00000434 00000001
(755) TM (0) 0 Write Op 00000530 0000000c
(765) TM (0) 0 Read  Op 00000438 00000002
(765) TM (0) 0 Write Op 00000534 00000001
(775) TM (0) 0 Read  Op 0000043c 00000003
(775) TM (0) 0 Write Op 00000538 00000002
(785) TM (0) 0 Read  Op 00000440 00000004
(785) TM (0) 0 Write Op 0000053c 00000003
(795) TM (0) 0 Read  Op 00000444 00000005
(795) TM (0) 0 Write Op 00000540 00000004
(805) TM (0) 0 Read  Op 00000448 00000006
(805) TM (0) 0 Write Op 00000544 00000005
(815) TM (0) 0 Read  Op 0000044c 00000003
(815) TM (0) 0 Write Op 00000548 00000006
(825) TM (0) 0 Read  Op 00000450 00000004
(825) TM (0) 0 Write Op 0000054c 00000003
(835) TM (0) 0 Read  Op 00000454 00000005
(835) TM (0) 0 Write Op 00000550 00000004
(845) TM (0) 0 Read  Op 00000458 00000006
(845) TM (0) 0 Write Op 00000554 00000005
(855) TM (0) 0 Read  Op 0000045c 00000007
(855) TM (0) 0 Write Op 00000558 00000006
(865) TM (0) 0 Read  Op 00000460 00000008
(865) TM (0) 0 Write Op 0000055c 00000007
(875) TM (0) 0 Read  Op 00000464 00000009
(875) TM (0) 0 Write Op 00000560 00000008
(885) TM (0) 0 Read  Op 00000468 0000000a
(885) TM (0) 0 Write Op 00000564 00000009
(895) TM (0) 0 Read  Op 0000046c 0000000b
(895) TM (0) 0 Write Op 00000568 0000000a
(905) TM (0) 0 Read  Op 00000470 0000000c
(905) TM (0) 0 Write Op 0000056c 0000000b
(915) TM (0) 0 Read  Op 00000434 00000001
(915) TM (0) 0 Write Op 00000570 0000000c
(925) TM (0) 0 Read  Op 00000438 00000002
(925) TM (0) 0 Write Op 00000574 00000001
(935) TM (0) 0 Read  Op 0000043c 00000003
(935) TM (0) 0 Write Op 00000578 00000002
(945) TM (0) 0 Read  Op 00000440 00000004
(945) TM (0) 0 Write Op 0000057c 00000003
(955) TM (0) 0 Read  Op 00000444 00000005
(955) TM (0) 0 Write Op 00000580 00000004
(965) TM (0) 0 Read  Op 00000448 00000006
(965) TM (0) 0 Write Op 00000584 00000005
(975) TM (0) 0 Read  Op 0000044c 00000003
(975) TM (0) 0 Write Op 00000588 00000006
(985) TM (0) 0 Read  Op 00000450 00000004
(985) TM (0) 0 Write Op 0000058c 00000003
(995) TM (0) 0 Read  Op 00000454 00000005
(995) TM (0) 0 Write Op 00000590 00000004
(1005) TM (0) 0 Read  Op 00000458 00000006
(1005) TM (0) 0 Write Op 00000594 00000005
(1015) TM (0) 0 Read  Op 0000045c 00000007
(1015) TM (0) 0 Write Op 00000598 00000006
(1025) TM (0) 0 Read  Op 00000460 00000008
(1025) TM (0) 0 Write Op 0000059c 00000007
(1035) TM (0) 0 Read  Op 00000464 00000009
(1035) TM (0) 0 Write Op 000005a0 00000008
(1045) TM (0) 0 Read  Op 00000468 0000000a
(1045) TM (0) 0 Write Op 000005a4 00000009
(1055) TM (0) 0 Read  Op 0000046c 0000000b
(1055) TM (0) 0 Write Op 000005a8 0000000a
(1065) TM (0) 0 Read  Op 00000470 0000000c
(1065) TM (0) 0 Write Op 000005ac 0000000b
(1075) TM (0) 0 Read  Op 00000434 00000001
(1075) TM (0) 0 Write Op 000005b0 0000000c
(1085) TM (0) 0 Read  Op 00000438 00000002
(1085) TM (0) 0 Write Op 000005b4 00000001
(1095) TM (0) 0 Read  Op 0000043c 00000003
(1095) TM (0) 0 Write Op 000005b8 00000002
(1105) TM (0) 0 Read  Op 00000440 00000004
(1105) TM (0) 0 Write Op 000005bc 00000003
(1115) TM (0) 0 Read  Op 00000444 00000005
(1115) TM (0) 0 Write Op 000005c0 00000004
(1125) TM (0) 0 Read  Op 00000448 00000006
(1125) TM (0) 0 Write Op 000005c4 00000005
(1135) TM (0) 0 Write Op 000005c8 00000006
(1225) DMA: receiving descriptor (src: 7b4 dst: 7e4 len: 12)
(1235) TM (0) 0 Read  Op 000007b4 0000000d
(1245) TM (0) 0 Read  Op 000007b8 0000000e
(1245) TM (0) 0 Write Op 000007e4 0000000d
(1255) TM (0) 0 Read  Op 000007bc 0000000f
(1255) TM (0) 0 Write Op 000007e8 0000000e
(1265) TM (0) 0 Read  Op 000007c0 00000000
(1265) TM (0) 0 Write Op 000007ec 0000000f
(1275) TM (0) 0 Read  Op 000007c4 00000001
(1275) TM (0) 0 Write Op 000007f0 00000000
(1285) TM (0) 0 Read  Op 000007c8 00000002
(1285) TM (0) 0 Write Op 000007f4 00000001
(1295) TM (0) 0 Read  Op 000007cc 00000003
(1295) TM (0) 0 Write Op 000007f8 00000002
(1305) TM (0) 0 Read  Op 000007d0 00000004
(1305) TM (0) 0 Write Op 000007fc 00000003
(1315) TM (0) 0 Read  Op 000007d4 00000005
(1315) TM (0) 0 Write Op 00000800 00000004
(1325) TM (0) 0 Read  Op 000007d8 00000006
(1325) TM (0) 0 Write Op 00000804 00000005
(1335) TM (0) 0 Read  Op 000007dc 00000007
(1335) TM (0) 0 Write Op 00000808 00000006
(1345) TM (0) 0 Read  Op 000007e0 00000008
(1345) TM (0) 0 Write Op 0000080c 00000007
(1355) TM (0) 0 Write Op 00000810 00000008
(1425) DMA: receiving descriptor (src: 318 dst: 2a8 len:  5)
(1435) TM (0) 0 Read  Op 00000318 00000006
(1445) TM (0) 0 Read  Op 0000031c 00000007
(1445) TM (0) 0 Write Op 000002a8 00000006
(1455) TM (0) 0 Read  Op 00000320 00000008
(1455) TM (0) 0 Write Op 000002ac 00000007
(1465) TM (0) 0 Read  Op 00000324 00000009
(1465) TM (0) 0 Write Op 000002b0 00000008
(1475) TM (0) 0 Read  Op 00000328 0000000a
(1475) TM (0) 0 Write Op 000002b4 00000009
(1485) TM (0) 0 Write Op 000002b8 0000000a
(1585) DMA: receiving descriptor (src: 794 dst: 048 len: 55)
(1595) TM (0) 0 Read  Op 00000794 00000005
(1605) TM (0) 0 Read  Op 00000798 00000006
(1605) TM (0) 0 Write Op 00000048 00000005
(1615) TM (0) 0 Read  Op 0000079c 00000007
(1615) TM (0) 0 Write Op 0000004c 00000006
(1625) TM (0) 0 Read  Op 000007a0 00000008
(1625) TM (0) 0 Write Op 00000050 00000007
(1635) TM (0) 0 Read  Op 000007a4 00000009
(1635) TM (0) 0 Write Op 00000054 00000008
(1645) TM (0) 0 Read  Op 000007a8 0000000a
(1645) TM (0) 0 Write Op 00000058 00000009
(1655) TM (0) 0 Read  Op 000007ac 0000000b
(1655) TM (0) 0 Write Op 0000005c 0000000a
(1665) TM (0) 0 Read  Op 000007b0 0000000c
(1665) TM (0) 0 Write Op 00000060 0000000b
(1675) TM (0) 0 Read  Op 000007b4 0000000d
(1675) TM (0) 0 Write Op 00000064 0000000c
(1685) TM (0) 0 Read  Op 000007b8 0000000e
(1685) TM (0) 0 Write Op 00000068 0000000d
(1695) TM (0) 0 Read  Op 000007bc 0000000f
(1695) TM (0) 0 Write Op 0000006c 0000000e
(1705) TM (0) 0 Read  Op 000007c0 00000000
(1705) TM (0) 0 Write Op 00000070 0000000f
(1715) TM (0) 0 Read  Op 000007c4 00000001
(1715) TM (0) 0 Write Op 00000074 00000000
(1725) TM (0) 0 Read  Op 000007c8 00000002
(1725) TM (0) 0 Write Op 00000078 00000001
(1735) TM (0) 0 Read  Op 000007cc 00000003
(1735) TM (0) 0 Write Op 0000007c 00000002
(1745) TM (0) 0 Read  Op 000007d0 00000004
(1745) TM (0) 0 Write Op 00000080 00000003
(1755) TM (0) 0 Read  Op 00000794 00000005
(1755) TM (0) 0 Write Op 00000084 00000004
(1765) TM (0) 0 Read  Op 00000798 00000006
(1765) TM (0) 0 Write Op 00000088 00000005
(1775) TM (0) 0 Read  Op 0000079c 00000007
(1775) TM (0) 0 Write Op 0000008c 00000006
(1785) TM (0) 0 Read  Op 000007a0 00000008
(1785) TM (0) 0 Write Op 00000090 00000007
(1795) TM (0) 0 Read  Op 000007a4 00000009
(1795) TM (0) 0 Write Op 00000094 00000008
(1805) TM (0) 0 Read  Op 000007a8 0000000a
(1805) TM (0) 0 Write Op 00000098 00000009
(1815) TM (0) 0 Read  Op 000007ac 0000000b
(1815) TM (0) 0 Write Op 0000009c 0000000a
(1825) TM (0) 0 Read  Op 000007b0 0000000c
(1825) TM (0) 0 Write Op 000000a0 0000000b
(1835) TM (0) 0 Read  Op 000007b4 0000000d
(1835) TM (0) 0 Write Op 000000a4 0000000c
(1845) TM (0) 0 Read  Op 000007b8 0000000e
(1845) TM (0) 0 Write Op 000000a8 0000000d
(1855) TM (0) 0 Read  Op 000007bc 0000000f
(1855) TM (0) 0 Write Op 000000ac 0000000e
(1865) TM (0) 0 Read  Op 000007c0 00000000
(1865) TM (0) 0 Write Op 000000b0 0000000f
(1875) TM (0) 0 Read  Op 000007c4 00000001
(1875) TM (0) 0 Write Op 000000b4 00000000
(1885) TM (0) 0 Read  Op 000007c8 00000002
(1885) TM (0) 0 Write Op 000000b8 00000001
(1895) TM (0) 0 Read  Op 000007cc 00000003
(1895) TM (0) 0 Write Op 000000bc 00000002
(1905) TM (0) 0 Read  Op 000007d0 00000004
(1905) TM (0) 0 Write Op 000000c0 00000003
(1915) TM (0) 0 Read  Op 00000794 00000005
(1915) TM (0) 0 Write Op 000000c4 00000004
(1925) TM (0) 0 Read  Op 00000798 00000006
(1925) TM (0) 0 Write Op 000000c8 00000005
(1935) TM (0) 0 Read  Op 0000079c 00000007
(1935) TM (0) 0 Write Op 000000cc 00000006
(1945) TM (0) 0 Read  Op 000007a0 00000008
(1945) TM (0) 0 Write Op 000000d0 00000007
(1955) TM (0) 0 Read  Op 000007a4 00000009
(1955) TM (0) 0 Write Op 000000d4 00000008
(1965) TM (0) 0 Read  Op 000007a8 0000000a
(1965) TM (0) 0 Write Op 000000d8 00000009
(1975) TM (0) 0 Read  Op 000007ac 0000000b
(1975) TM (0) 0 Write Op 000000dc 0000000a
(1985) TM (0) 0 Read  Op 000007b0 0000000c
(1985) TM (0) 0 Write Op 000000e0 0000000b
(1995) TM (0) 0 Read  Op 000007b4 0000000d
(1995) TM (0) 0 Write Op 000000e4 0000000c
(2005) TM (0) 0 Read  Op 000007b8 0000000e
(2005) TM (0) 0 Write Op 000000e8 0000000d
(2015) TM (0) 0 Read  Op 000007bc 0000000f
(2015) TM (0) 0 Write Op 000000ec 0000000e
(2025) TM (0) 0 Read  Op 000007c0 00000000
(2025) TM (0) 0 Write Op 000000f0 0000000f
(2035) TM (0) 0 Read  Op 000007c4 00000001
(2035) TM (0) 0 Write Op 000000f4 00000000
(2045) TM (0) 0 Read  Op 000007c8 00000002
(2045) TM (0) 0 Write Op 000000f8 00000001
(2055) TM (0) 0 Read  Op 000007cc 00000003
(2055) TM (0) 0 Write Op 000000fc 00000002
(2065) TM (0) 0 Read  Op 000007d0 00000004
(2065) TM (0) 0 Write Op 00000100 00000003
(2075) TM (0) 0 Read  Op 00000794 00000005
(2075) TM (0) 0 Write Op 00000104 00000004
(2085) TM (0) 0 Read  Op 00000798 00000006
(2085) TM (0) 0 Write Op 00000108 00000005
(2095) TM (0) 0 Read  Op 0000079c 00000007
(2095) TM (0) 0 Write Op 0000010c 00000006
(2105) TM (0) 0 Read  Op 000007a0 00000008
(2105) TM (0) 0 Write Op 00000110 00000007
(2115) TM (0) 0 Read  Op 000007a4 00000009
(2115) TM (0) 0 Write Op 00000114 00000008
(2125) TM (0) 0 Read  Op 000007a8 0000000a
(2125) TM (0) 0 Write Op 00000118 00000009
(2135) TM (0) 0 Read  Op 000007ac 0000000b
(2135) TM (0) 0 Write Op 0000011c 0000000a
(2145) TM (0) 0 Write Op 00000120 0000000b
(2225) DMA: receiving descriptor (src: 63c dst: 338 len: 50)
(2235) TM (0) 0 Read  Op 0000063c 00000005
(2245) TM (0) 0 Read  Op 00000640 00000006
(2245) TM (0) 0 Write Op 00000338 00000005
(2255) TM (0) 0 Read  Op 00000644 00000007
(2255) TM (0) 0 Write Op 0000033c 00000006
(2265) TM (0) 0 Read  Op 00000648 00000008
(2265) TM (0) 0 Write Op 00000340 00000007
(2275) TM (0) 0 Read  Op 0000064c 00000009
(2275) TM (0) 0 Write Op 00000344 00000008
(2285) TM (0) 0 Read  Op 00000650 0000000a
(2285) TM (0) 0 Write Op 00000348 00000009
(2295) TM (0) 0 Read  Op 00000654 0000000b
(2295) TM (0) 0 Write Op 0000034c 0000000a
(2305) TM (0) 0 Read  Op 00000658 0000000c
(2305) TM (0) 0 Write Op 00000350 0000000b
(2315) TM (0) 0 Read  Op 0000065c 0000000d
(2315) TM (0) 0 Write Op 00000354 0000000c
(2325) TM (0) 0 Read  Op 00000660 0000000e
(2325) TM (0) 0 Write Op 00000358 0000000d
(2335) TM (0) 0 Read  Op 00000664 0000000f
(2335) TM (0) 0 Write Op 0000035c 0000000e
(2345) TM (0) 0 Read  Op 00000668 0000000a
(2345) TM (0) 0 Write Op 00000360 0000000f
(2355) TM (0) 0 Read  Op 0000066c 0000000b
(2355) TM (0) 0 Write Op 00000364 0000000a
(2365) TM (0) 0 Read  Op 00000670 0000000c
(2365) TM (0) 0 Write Op 00000368 0000000b
(2375) TM (0) 0 Read  Op 00000674 0000000d
(2375) TM (0) 0 Write Op 0000036c 0000000c
(2385) TM (0) 0 Read  Op 00000678 0000000e
(2385) TM (0) 0 Write Op 00000370 0000000d
(2395) TM (0) 0 Read  Op 0000063c 00000005
(2395) TM (0) 0 Write Op 00000374 0000000e
(2405) TM (0) 0 Read  Op 00000640 00000006
(2405) TM (0) 0 Write Op 00000378 00000005
(2415) TM (0) 0 Read  Op 00000644 00000007
(2415) TM (0) 0 Write Op 0000037c 00000006
(2425) TM (0) 0 Read  Op 00000648 00000008
(2425) TM (0) 0 Write Op 00000380 00000007
(2435) TM (0) 0 Read  Op 0000064c 00000009
(2435) TM (0) 0 Write Op 00000384 00000008
(2445) TM (0) 0 Read  Op 00000650 0000000a
(2445) TM (0) 0 Write Op 00000388 00000009
(2455) TM (0) 0 Read  Op 00000654 0000000b
(2455) TM (0) 0 Write Op 0000038c 0000000a
(2465) TM (0) 0 Read  Op 00000658 0000000c
(2465) TM (0) 0 Write Op 00000390 0000000b
(2475) TM (0) 0 Read  Op 0000065c 0000000d
(2475) TM (0) 0 Write Op 00000394 0000000c
(2485) TM (0) 0 Read  Op 00000660 0000000e
(2485) TM (0) 0 Write Op 00000398 0000000d
(2495) TM (0) 0 Read  Op 00000664 0000000f
(2495) TM (0) 0 Write Op 0000039c 0000000e
(2505) TM (0) 0 Read  Op 00000668 0000000a
(2505) TM (0) 0 Write Op 000003a0 0000000f
(2515) TM (0) 0 Read  Op 0000066c 0000000b
(2515) TM (0) 0 Write Op 000003a4 0000000a
(2525) TM (0) 0 Read  Op 00000670 0000000c
(2525) TM (0) 0 Write Op 000003a8 0000000b
(2535) TM (0) 0 Read  Op 00000674 0000000d
(2535) TM (0) 0 Write Op 000003ac 0000000c
(2545) TM (0) 0 Read  Op 00000678 0000000e
(2545) TM (0) 0 Write Op 000003b0 0000000d
(2555) TM (0) 0 Read  Op 0000063c 00000005
(2555) TM (0) 0 Write Op 000003b4 0000000e
(2565) TM (0) 0 Read  Op 00000640 00000006
(2565) TM (0) 0 Write Op 000003b8 00000005
(2575) TM (0) 0 Read  Op 00000644 00000007
(2575) TM (0) 0 Write Op 000003bc 00000006
(2585) TM (0) 0 Read  Op 00000648 00000008
(2585) TM (0) 0 Write Op 000003c0 00000007
(2595) TM (0) 0 Read  Op 0000064c 00000009
(2595) TM (0) 0 Write Op 000003c4 00000008
(2605) TM (0) 0 Read  Op 00000650 0000000a
(2605) TM (0) 0 Write Op 000003c8 00000009
(2615) TM (0) 0 Read  Op 00000654 0000000b
(2615) TM (0) 0 Write Op 000003cc 0000000a
(2625) TM (0) 0 Read  Op 00000658 0000000c
(2625) TM (0) 0 Write Op 000003d0 0000000b
(2635) TM (0) 0 Read  Op 0000065c 0000000d
(2635) TM (0) 0 Write Op 000003d4 0000000c
(2645) TM (0) 0 Read  Op 00000660 0000000e
(2645) TM (0) 0 Write Op 000003d8 0000000d
(2655) TM (0) 0 Read  Op 00000664 0000000f
(2655) TM (0) 0 Write Op 000003dc 0000000e
(2665) TM (0) 0 Read  Op 00000668 0000000a
(2665) TM (0) 0 Write Op 000003e0 0000000f
(2675) TM (0) 0 Read  Op 0000066c 0000000b
(2675) TM (0) 0 Write Op 000003e4 0000000a
(2685) TM (0) 0 Read  Op 00000670 0000000c
(2685) TM (0) 0 Write Op 000003e8 0000000b
(2695) TM (0) 0 Read  Op 00000674 0000000d
(2695) TM (0) 0 Write Op 000003ec 0000000c
(2705) TM (0) 0 Read  Op 00000678 0000000e
(2705) TM (0) 0 Write Op 000003f0 0000000d
(2715) TM (0) 0 Read  Op 0000063c 00000005
(2715) TM (0) 0 Write Op 000003f4 0000000e
(2725) TM (0) 0 Read  Op 00000640 00000006
(2725) TM (0) 0 Write Op 000003f8 00000005
(2735) TM (0) 0 Write Op 000003fc 00000006
(2825) DMA: receiving descriptor (src: 3a0 dst: 570 len:  5)
(2835) TM (0) 0 Read  Op 000003a0 0000000f
(2845) TM (0) 0 Read  Op 000003a4 0000000a
(2845) TM (0) 0 Write Op 00000570 0000000f
(2855) TM (0) 0 Read  Op 000003a8 0000000b
(2855) TM (0) 0 Write Op 00000574 0000000a
(2865) TM (0) 0 Read  Op 000003ac 0000000c
(2865) TM (0) 0 Write Op 00000578 0000000b
(2875) TM (0) 0 Read  Op 000003b0 0000000d
(2875) TM (0) 0 Write Op 0000057c 0000000c
(2885) TM (0) 0 Write Op 00000580 0000000d
(2985) DMA: receiving descriptor (src: 2f4 dst: 194 len: 45)
(2995) TM (0) 0 Read  Op 000002f4 0000000d
(3005) TM (0) 0 Read  Op 000002f8 0000000e
(3005) TM (0) 0 Write Op 00000194 0000000d
(3015) TM (0) 0 Read  Op 000002fc 0000000f
(3015) TM (0) 0 Write Op 00000198 0000000e
(3025) TM (0) 0 Read  Op 00000300 00000000
(3025) TM (0) 0 Write Op 0000019c 0000000f
(3035) TM (0) 0 Read  Op 00000304 00000001
(3035) TM (0) 0 Write Op 000001a0 00000000
(3045) TM (0) 0 Read  Op 00000308 00000002
(3045) TM (0) 0 Write Op 000001a4 00000001
(3055) TM (0) 0 Read  Op 0000030c 00000003
(3055) TM (0) 0 Write Op 000001a8 00000002
(3065) TM (0) 0 Read  Op 00000310 00000004
(3065) TM (0) 0 Write Op 000001ac 00000003
(3075) TM (0) 0 Read  Op 00000314 00000005
(3075) TM (0) 0 Write Op 000001b0 00000004
(3085) TM (0) 0 Read  Op 00000318 00000006
(3085) TM (0) 0 Write Op 000001b4 00000005
(3095) TM (0) 0 Read  Op 0000031c 00000007
(3095) TM (0) 0 Write Op 000001b8 00000006
(3105) TM (0) 0 Read  Op 00000320 00000008
(3105) TM (0) 0 Write Op 000001bc 00000007
(3115) TM (0) 0 Read  Op 00000324 00000009
(3115) TM (0) 0 Write Op 000001c0 00000008
(3125) TM (0) 0 Read  Op 00000328 0000000a
(3125) TM (0) 0 Write Op 000001c4 00000009
(3135) TM (0) 0 Read  Op 0000032c 0000000b
(3135) TM (0) 0 Write Op 000001c8 0000000a
(3145) TM (0) 0 Read  Op 00000330 0000000c
(3145) TM (0) 0 Write Op 000001cc 0000000b
(3155) TM (0) 0 Read  Op 000002f4 0000000d
(3155) TM (0) 0 Write Op 000001d0 0000000c
(3165) TM (0) 0 Read  Op 000002f8 0000000e
(3165) TM (0) 0 Write Op 000001d4 0000000d
(3175) TM (0) 0 Read  Op 000002fc 0000000f
(3175) TM (0) 0 Write Op 000001d8 0000000e
(3185) TM (0) 0 Read  Op 00000300 00000000
(3185) TM (0) 0 Write Op 000001dc 0000000f
(3195) TM (0) 0 Read  Op 00000304 00000001
(3195) TM (0) 0 Write Op 000001e0 00000000
(3205) TM (0) 0 Read  Op 00000308 00000002
(3205) TM (0) 0 Write Op 000001e4 00000001
(3215) TM (0) 0 Read  Op 0000030c 00000003
(3215) TM (0) 0 Write Op 000001e8 00000002
(3225) TM (0) 0 Read  Op 00000310 00000004
(3225) TM (0) 0 Write Op 000001ec 00000003
(3235) TM (0) 0 Read  Op 00000314 00000005
(3235) TM (0) 0 Write Op 000001f0 00000004
(3245) TM (0) 0 Read  Op 00000318 00000006
(3245) TM (0) 0 Write Op 000001f4 00000005
(3255) TM (0) 0 Read  Op 0000031c 00000007
(3255) TM (0) 0 Write Op 000001f8 00000006
(3265) TM (0) 0 Read  Op 00000320 00000008
(3265) TM (0) 0 Write Op 000001fc 00000007
(3275) TM (0) 0 Read  Op 00000324 00000009
(3275) TM (0) 0 Write Op 00000200 00000008
(3285) TM (0) 0 Read  Op 00000328 0000000a
(3285) TM (0) 0 Write Op 00000204 00000009
(3295) TM (0) 0 Read  Op 0000032c 0000000b
(3295) TM (0) 0 Write Op 00000208 0000000a
(3305) TM (0) 0 Read  Op 00000330 0000000c
(3305) TM (0) 0 Write Op 0000020c 0000000b
(3315) TM (0) 0 Read  Op 000002f4 0000000d
(3315) TM (0) 0 Write Op 00000210 0000000c
(3325) TM (0) 0 Read  Op 000002f8 0000000e
(3325) TM (0) 0 Write Op 00000214 0000000d
(3335) TM (0) 0 Read  Op 000002fc 0000000f
(3335) TM (0) 0 Write Op 00000218 0000000e
(3345) TM (0) 0 Read  Op 00000300 00000000
(3345) TM (0) 0 Write Op 0000021c 0000000f
(3355) TM (0) 0 Read  Op 00000304 00000001
(3355) TM (0) 0 Write Op 00000220 00000000
(3365) TM (0) 0 Read  Op 00000308 00000002
(3365) TM (0) 0 Write Op 00000224 00000001
(3375) TM (0) 0 Read  Op 0000030c 00000003
(3375) TM (0) 0 Write Op 00000228 00000002
(3385) TM (0) 0 Read  Op 00000310 00000004
(3385) TM (0) 0 Write Op 0000022c 00000003
(3395) TM (0) 0 Read  Op 00000314 00000005
(3395) TM (0) 0 Write Op 00000230 00000004
(3405) TM (0) 0 Read  Op 00000318 00000006
(3405) TM (0) 0 Write Op 00000234 00000005
(3415) TM (0) 0 Read  Op 0000031c 00000007
(3415) TM (0) 0 Write Op 00000238 00000006
(3425) TM (0) 0 Read  Op 00000320 00000008
(3425) TM (0) 0 Write Op 0000023c 00000007
(3435) TM (0) 0 Read  Op 00000324 00000009
(3435) TM (0) 0 Write Op 00000240 00000008
(3445) TM (0) 0 Write Op 00000244 00000009
(3545) DMA: receiving descriptor (src: 18c dst: 200 len: 10)
(3555) TM (0) 0 Read  Op 0000018c 00000003
(3565) TM (0) 0 Read  Op 00000190 00000004
(3565) TM (0) 0 Write Op 00000200 00000003
(3575) TM (0) 0 Read  Op 00000194 0000000d
(3575) TM (0) 0 Write Op 00000204 00000004
(3585) TM (0) 0 Read  Op 00000198 0000000e
(3585) TM (0) 0 Write Op 00000208 0000000d
(3595) TM (0) 0 Read  Op 0000019c 0000000f
(3595) TM (0) 0 Write Op 0000020c 0000000e
(3605) TM (0) 0 Read  Op 000001a0 00000000
(3605) TM (0) 0 Write Op 00000210 0000000f
(3615) TM (0) 0 Read  Op 000001a4 00000001
(3615) TM (0) 0 Write Op 00000214 00000000
(3625) TM (0) 0 Read  Op 000001a8 00000002
(3625) TM (0) 0 Write Op 00000218 00000001
(3635) TM (0) 0 Read  Op 000001ac 00000003
(3635) TM (0) 0 Write Op 0000021c 00000002
(3645) TM (0) 0 Read  Op 000001b0 00000004
(3645) TM (0) 0 Write Op 00000220 00000003
(3655) TM (0) 0 Write Op 00000224 00000004
(3745) DMA: receiving descriptor (src: 480 dst: 274 len: 42)
(3755) TM (0) 0 Read  Op 00000480 00000003
(3765) TM (0) 0 Read  Op 00000484 00000004
(3765) TM (0) 0 Write Op 00000274 00000003
(3775) TM (0) 0 Read  Op 00000488 00000005
(3775) TM (0) 0 Write Op 00000278 00000004
(3785) TM (0) 0 Read  Op 0000048c 00000006
(3785) TM (0) 0 Write Op 0000027c 00000005
(3795) TM (0) 0 Read  Op 00000490 00000007
(3795) TM (0) 0 Write Op 00000280 00000006
(3805) TM (0) 0 Read  Op 00000494 00000008
(3805) TM (0) 0 Write Op 00000284 00000007
(3815) TM (0) 0 Read  Op 00000498 00000009
(3815) TM (0) 0 Write Op 00000288 00000008
(3825) TM (0) 0 Read  Op 0000049c 0000000a
(3825) TM (0) 0 Write Op 0000028c 00000009
(3835) TM (0) 0 Read  Op 000004a0 0000000b
(3835) TM (0) 0 Write Op 00000290 0000000a
(3845) TM (0) 0 Read  Op 000004a4 0000000c
(3845) TM (0) 0 Write Op 00000294 0000000b
(3855) TM (0) 0 Read  Op 000004a8 0000000d
(3855) TM (0) 0 Write Op 00000298 0000000c
(3865) TM (0) 0 Read  Op 000004ac 0000000e
(3865) TM (0) 0 Write Op 0000029c 0000000d
(3875) TM (0) 0 Read  Op 000004b0 0000000f
(3875) TM (0) 0 Write Op 000002a0 0000000e
(3885) TM (0) 0 Read  Op 000004b4 00000000
(3885) TM (0) 0 Write Op 000002a4 0000000f
(3895) TM (0) 0 Read  Op 000004b8 00000001
(3895) TM (0) 0 Write Op 000002a8 00000000
(3905) TM (0) 0 Read  Op 000004bc 00000002
(3905) TM (0) 0 Write Op 000002ac 00000001
(3915) TM (0) 0 Read  Op 00000480 00000003
(3915) TM (0) 0 Write Op 000002b0 00000002
(3925) TM (0) 0 Read  Op 00000484 00000004
(3925) TM (0) 0 Write Op 000002b4 00000003
(3935) TM (0) 0 Read  Op 00000488 00000005
(3935) TM (0) 0 Write Op 000002b8 00000004
(3945) TM (0) 0 Read  Op 0000048c 00000006
(3945) TM (0) 0 Write Op 000002bc 00000005
(3955) TM (0) 0 Read  Op 00000490 00000007
(3955) TM (0) 0 Write Op 000002c0 00000006
(3965) TM (0) 0 Read  Op 00000494 00000008
(3965) TM (0) 0 Write Op 000002c4 00000007
(3975) TM (0) 0 Read  Op 00000498 00000009
(3975) TM (0) 0 Write Op 000002c8 00000008
(3985) TM (0) 0 Read  Op 0000049c 0000000a
(3985) TM (0) 0 Write Op 000002cc 00000009
(3995) TM (0) 0 Read  Op 000004a0 0000000b
(3995) TM (0) 0 Write Op 000002d0 0000000a
(4005) TM (0) 0 Read  Op 000004a4 0000000c
(4005) TM (0) 0 Write Op 000002d4 0000000b
(4015) TM (0) 0 Read  Op 000004a8 0000000d
(4015) TM (0) 0 Write Op 000002d8 0000000c
(4025) TM (0) 0 Read  Op 000004ac 0000000e
(4025) TM (0) 0 Write Op 000002dc 0000000d
(4035) TM (0) 0 Read  Op 000004b0 0000000f
(4035) TM (0) 0 Write Op 000002e0 0000000e
(4045) TM (0) 0 Read  Op 000004b4 00000000
(4045) TM (0) 0 Write Op 000002e4 0000000f
(4055) TM (0) 0 Read  Op 000004b8 00000001
(4055) TM (0) 0 Write Op 000002e8 00000000
(4065) TM (0) 0 Read  Op 000004bc 00000002
(4065) TM (0) 0 Write Op 000002ec 00000001
(4075) TM (0) 0 Read  Op 00000480 00000003
(4075) TM (0) 0 Write Op 000002f0 00000002
(4085) TM (0) 0 Read  Op 00000484 00000004
(4085) TM (0) 0 Write Op 000002f4 00000003
(4095) TM (0) 0 Read  Op 00000488 00000005
(4095) TM (0) 0 Write Op 000002f8 00000004
(4105) TM (0) 0 Read  Op 0000048c 00000006
(4105) TM (0) 0 Write Op 000002fc 00000005
(4115) TM (0) 0 Read  Op 00000490 00000007
(4115) TM (0) 0 Write Op 00000300 00000006
(4125) TM (0) 0 Read  Op 00000494 00000008
(4125) TM (0) 0 Write Op 00000304 00000007
(4135) TM (0) 0 Read  Op 00000498 00000009
(4135) TM (0) 0 Write Op 00000308 00000008
(4145) TM (0) 0 Read  Op 0000049c 0000000a
(4145) TM (0) 0 Write Op 0000030c 00000009
(4155) TM (0) 0 Read  Op 000004a0 0000000b
(4155) TM (0) 0 Write Op 00000310 0000000a
(4165) TM (0) 0 Read  Op 000004a4 0000000c
(4165) TM (0) 0 Write Op 00000314 0000000b
(4175) TM (0) 0 Write Op 00000318 0000000c
(4265) DMA: receiving descriptor (src: 258 dst: 034 len: 19)
(4275) TM (0) 0 Read  Op 00000258 0000000c
(4285) TM (0) 0 Read  Op 0000025c 0000000d
(4285) TM (0) 0 Write Op 00000034 0000000c
(4295) TM (0) 0 Read  Op 00000260 0000000e
(4295) TM (0) 0 Write Op 00000038 0000000d
(4305) TM (0) 0 Read  Op 00000264 0000000f
(4305) TM (0) 0 Write Op 0000003c 0000000e
(4315) TM (0) 0 Read  Op 00000268 0000000a
(4315) TM (0) 0 Write Op 00000040 0000000f
(4325) TM (0) 0 Read  Op 0000026c 0000000b
(4325) TM (0) 0 Write Op 00000044 0000000a
(4335) TM (0) 0 Read  Op 00000270 0000000c
(4335) TM (0) 0 Write Op 00000048 0000000b
(4345) TM (0) 0 Read  Op 00000274 00000003
(4345) TM (0) 0 Write Op 0000004c 0000000c
(4355) TM (0) 0 Read  Op 00000278 00000004
(4355) TM (0) 0 Write Op 00000050 00000003
(4365) TM (0) 0 Read  Op 0000027c 00000005
(4365) TM (0) 0 Write Op 00000054 00000004
(4375) TM (0) 0 Read  Op 00000280 00000006
(4375) TM (0) 0 Write Op 00000058 00000005
(4385) TM (0) 0 Read  Op 00000284 00000007
(4385) TM (0) 0 Write Op 0000005c 00000006
(4395) TM (0) 0 Read  Op 00000288 00000008
(4395) TM (0) 0 Write Op 00000060 00000007
(4405) TM (0) 0 Read  Op 0000028c 00000009
(4405) TM (0) 0 Write Op 00000064 00000008
(4415) TM (0) 0 Read  Op 00000290 0000000a
(4415) TM (0) 0 Write Op 00000068 00000009
(4425) TM (0) 0 Read  Op 00000294 0000000b
(4425) TM (0) 0 Write Op 0000006c 0000000a
(4435) TM (0) 0 Read  Op 00000258 0000000c
(4435) TM (0) 0 Write Op 00000070 0000000b
(4445) TM (0) 0 Read  Op 0000025c 0000000d
(4445) TM (0) 0 Write Op 00000074 0000000c
(4455) TM (0) 0 Read  Op 00000260 0000000e
(4455) TM (0) 0 Write Op 00000078 0000000d
(4465) TM (0) 0 Write Op 0000007c 0000000e
(4545) DMA: receiving descriptor (src: 14c dst: 354 len: 43)
(4555) TM (0) 0 Read  Op 0000014c 00000003
(4565) TM (0) 0 Read  Op 00000150 00000004
(4565) TM (0) 0 Write Op 00000354 00000003
(4575) TM (0) 0 Read  Op 00000154 00000005
(4575) TM (0) 0 Write Op 00000358 00000004
(4585) TM (0) 0 Read  Op 00000158 00000006
(4585) TM (0) 0 Write Op 0000035c 00000005
(4595) TM (0) 0 Read  Op 0000015c 00000007
(4595) TM (0) 0 Write Op 00000360 00000006
(4605) TM (0) 0 Read  Op 00000160 00000008
(4605) TM (0) 0 Write Op 00000364 00000007
(4615) TM (0) 0 Read  Op 00000164 00000009
(4615) TM (0) 0 Write Op 00000368 00000008
(4625) TM (0) 0 Read  Op 00000168 0000000a
(4625) TM (0) 0 Write Op 0000036c 00000009
(4635) TM (0) 0 Read  Op 0000016c 0000000b
(4635) TM (0) 0 Write Op 00000370 0000000a
(4645) TM (0) 0 Read  Op 00000170 0000000f
(4645) TM (0) 0 Write Op 00000374 0000000b
(4655) TM (0) 0 Read  Op 00000174 0000000a
(4655) TM (0) 0 Write Op 00000378 0000000f
(4665) TM (0) 0 Read  Op 00000178 0000000b
(4665) TM (0) 0 Write Op 0000037c 0000000a
(4675) TM (0) 0 Read  Op 0000017c 0000000c
(4675) TM (0) 0 Write Op 00000380 0000000b
(4685) TM (0) 0 Read  Op 00000180 0000000d
(4685) TM (0) 0 Write Op 00000384 0000000c
(4695) TM (0) 0 Read  Op 00000184 00000005
(4695) TM (0) 0 Write Op 00000388 0000000d
(4705) TM (0) 0 Read  Op 00000188 00000006
(4705) TM (0) 0 Write Op 0000038c 00000005
(4715) TM (0) 0 Read  Op 0000014c 00000003
(4715) TM (0) 0 Write Op 00000390 00000006
(4725) TM (0) 0 Read  Op 00000150 00000004
(4725) TM (0) 0 Write Op 00000394 00000003
(4735) TM (0) 0 Read  Op 00000154 00000005
(4735) TM (0) 0 Write Op 00000398 00000004
(4745) TM (0) 0 Read  Op 00000158 00000006
(4745) TM (0) 0 Write Op 0000039c 00000005
(4755) TM (0) 0 Read  Op 0000015c 00000007
(4755) TM (0) 0 Write Op 000003a0 00000006
(4765) TM (0) 0 Read  Op 00000160 00000008
(4765) TM (0) 0 Write Op 000003a4 00000007
(4775) TM (0) 0 Read  Op 00000164 00000009
(4775) TM (0) 0 Write Op 000003a8 00000008
(4785) TM (0) 0 Read  Op 00000168 0000000a
(4785) TM (0) 0 Write Op 000003ac 00000009
(4795) TM (0) 0 Read  Op 0000016c 0000000b
(4795) TM (0) 0 Write Op 000003b0 0000000a
(4805) TM (0) 0 Read  Op 00000170 0000000f
(4805) TM (0) 0 Write Op 000003b4 0000000b
(4815) TM (0) 0 Read  Op 00000174 0000000a
(4815) TM (0) 0 Write Op 000003b8 0000000f
(4825) TM (0) 0 Read  Op 00000178 0000000b
(4825) TM (0) 0 Write Op 000003bc 0000000a
(4835) TM (0) 0 Read  Op 0000017c 0000000c
(4835) TM (0) 0 Write Op 000003c0 0000000b
(4845) TM (0) 0 Read  Op 00000180 0000000d
(4845) TM (0) 0 Write Op 000003c4 0000000c
(4855) TM (0) 0 Read  Op 00000184 00000005
(4855) TM (0) 0 Write Op 000003c8 0000000d
(4865) TM (0) 0 Read  Op 00000188 00000006
(4865) TM (0) 0 Write Op 000003cc 00000005
(4875) TM (0) 0 Read  Op 0000014c 00000003
(4875) TM (0) 0 Write Op 000003d0 00000006
(4885) TM (0) 0 Read  Op 00000150 00000004
(4885) TM (0) 0 Write Op 000003d4 00000003
(4895) TM (0) 0 Read  Op 00000154 00000005
(4895) TM (0) 0 Write Op 000003d8 00000004
(4905) TM (0) 0 Read  Op 00000158 00000006
(4905) TM (0) 0 Write Op 000003dc 00000005
(4915) TM (0) 0 Read  Op 0000015c 00000007
(4915) TM (0) 0 Write Op 000003e0 00000006
(4925) TM (0) 0 Read  Op 00000160 00000008
(4925) TM (0) 0 Write Op 000003e4 00000007
(4935) TM (0) 0 Read  Op 00000164 00000009
(4935) TM (0) 0 Write Op 000003e8 00000008
(4945) TM (0) 0 Read  Op 00000168 0000000a
(4945) TM (0) 0 Write Op 000003ec 00000009
(4955) TM (0) 0 Read  Op 0000016c 0000000b
(4955) TM (0) 0 Write Op 000003f0 0000000a
(4965) TM (0) 0 Read  Op 00000170 0000000f
(4965) TM (0) 0 Write Op 000003f4 0000000b
(4975) TM (0) 0 Read  Op 00000174 0000000a
(4975) TM (0) 0 Write Op 000003f8 0000000f
(4985) TM (0) 0 Write Op 000003fc 0000000a
