(70) DMA: receiving descriptor (src: 6ac dst: 2e8 len: 13)
(80) TM (0) 0 Read  Op 000006ac 0000000b
(90) TM (0) 0 Read  Op 000006b0 0000000c
(90) TM (0) 0 Write Op 000002e8 0000000b
(100) TM (0) 0 Read  Op 000006b4 0000000d
(100) TM (0) 0 Write Op 000002ec 0000000c
(110) TM (0) 0 Read  Op 000006b8 0000000e
(110) TM (0) 0 Write Op 000002f0 0000000d
(120) TM (0) 0 Read  Op 000006bc 0000000f
(120) TM (0) 0 Write Op 000002f4 0000000e
(130) TM (0) 0 Read  Op 000006c0 00000000
(130) TM (0) 0 Write Op 000002f8 0000000f
(140) TM (0) 0 Read  Op 000006c4 00000001
(140) TM (0) 0 Write Op 000002fc 00000000
(150) TM (0) 0 Read  Op 000006c8 00000002
(150) TM (0) 0 Write Op 00000300 00000001
(160) TM (0) 0 Read  Op 000006cc 00000003
(160) TM (0) 0 Write Op 00000304 00000002
(170) TM (0) 0 Read  Op 000006d0 00000004
(170) TM (0) 0 Write Op 00000308 00000003
(180) TM (0) 0 Read  Op 000006d4 00000005
(180) TM (0) 0 Write Op 0000030c 00000004
(190) TM (0) 0 Read  Op 000006d8 00000006
(190) TM (0) 0 Write Op 00000310 00000005
(200) TM (0) 0 Read  Op 000006dc 00000007
(200) TM (0) 0 Write Op 00000314 00000006
(210) TM (0) 0 Write Op 00000318 00000007
(310) DMA: receiving descriptor (src: 0a8 dst: 170 len: 56)
(320) TM (0) 0 Read  Op 000000a8 0000000a
(330) TM (0) 0 Read  Op 000000ac 0000000b
(330) TM (0) 0 Write Op 00000170 0000000a
(340) TM (0) 0 Read  Op 000000b0 0000000c
(340) TM (0) 0 Write Op 00000174 0000000b
(350) TM (0) 0 Read  Op 000000b4 0000000d
(350) TM (0) 0 Write Op 00000178 0000000c
(360) TM (0) 0 Read  Op 000000b8 0000000e
(360) TM (0) 0 Write Op 0000017c 0000000d
(370) TM (0) 0 Read  Op 000000bc 0000000f
(370) TM (0) 0 Write Op 00000180 0000000e
(380) TM (0) 0 Read  Op 000000c0 00000000
(380) TM (0) 0 Write Op 00000184 0000000f
(390) TM (0) 0 Read  Op 000000c4 00000001
(390) TM (0) 0 Write Op 00000188 00000000
(400) TM (0) 0 Read  Op 000000c8 00000002
(400) TM (0) 0 Write Op 0000018c 00000001
(410) TM (0) 0 Read  Op 000000cc 00000003
(410) TM (0) 0 Write Op 00000190 00000002
(420) TM (0) 0 Read  Op 000000d0 00000004
(420) TM (0) 0 Write Op 00000194 00000003
(430) TM (0) 0 Read  Op 000000d4 00000005
(430) TM (0) 0 Write Op 00000198 00000004
(440) TM (0) 0 Read  Op 000000d8 00000006
(440) TM (0) 0 Write Op 0000019c 00000005
(450) TM (0) 0 Read  Op 000000dc 00000007
(450) TM (0) 0 Write Op 000001a0 00000006
(460) TM (0) 0 Read  Op 000000e0 00000008
(460) TM (0) 0 Write Op 000001a4 00000007
(470) TM (0) 0 Read  Op 000000e4 00000009
(470) TM (0) 0 Write Op 000001a8 00000008
(480) TM (0) 0 Read  Op 000000a8 0000000a
(480) TM (0) 0 Write Op 000001ac 00000009
(490) TM (0) 0 Read  Op 000000ac 0000000b
(490) TM (0) 0 Write Op 000001b0 0000000a
(500) TM (0) 0 Read  Op 000000b0 0000000c
(500) TM (0) 0 Write Op 000001b4 0000000b
(510) TM (0) 0 Read  Op 000000b4 0000000d
(510) TM (0) 0 Write Op 000001b8 0000000c
(520) TM (0) 0 Read  Op 000000b8 0000000e
(520) TM (0) 0 Write Op 000001bc 0000000d
(530) TM (0) 0 Read  Op 000000bc 0000000f
(530) TM (0) 0 Write Op 000001c0 0000000e
(540) TM (0) 0 Read  Op 000000c0 00000000
(540) TM (0) 0 Write Op 000001c4 0000000f
(550) TM (0) 0 Read  Op 000000c4 00000001
(550) TM (0) 0 Write Op 000001c8 00000000
(560) TM (0) 0 Read  Op 000000c8 00000002
(560) TM (0) 0 Write Op 000001cc 00000001
(570) TM (0) 0 Read  Op 000000cc 00000003
(570) TM (0) 0 Write Op 000001d0 00000002
(580) TM (0) 0 Read  Op 000000d0 00000004
(580) TM (0) 0 Write Op 000001d4 00000003
(590) TM (0) 0 Read  Op 000000d4 00000005
(590) TM (0) 0 Write Op 000001d8 00000004
(600) TM (0) 0 Read  Op 000000d8 00000006
(600) TM (0) 0 Write Op 000001dc 00000005
(610) TM (0) 0 Read  Op 000000dc 00000007
(610) TM (0) 0 Write Op 000001e0 00000006
(620) TM (0) 0 Read  Op 000000e0 00000008
(620) TM (0) 0 Write Op 000001e4 00000007
(630) TM (0) 0 Read  Op 000000e4 00000009
(630) TM (0) 0 Write Op 000001e8 00000008
(640) TM (0) 0 Read  Op 000000a8 0000000a
(640) TM (0) 0 Write Op 000001ec 00000009
(650) TM (0) 0 Read  Op 000000ac 0000000b
(650) TM (0) 0 Write Op 000001f0 0000000a
(660) TM (0) 0 Read  Op 000000b0 0000000c
(660) TM (0) 0 Write Op 000001f4 0000000b
(670) TM (0) 0 Read  Op 000000b4 0000000d
(670) TM (0) 0 Write Op 000001f8 0000000c
(680) TM (0) 0 Read  Op 000000b8 0000000e
(680) TM (0) 0 Write Op 000001fc 0000000d
(690) TM (0) 0 Read  Op 000000bc 0000000f
(690) TM (0) 0 Write Op 00000200 0000000e
(700) TM (0) 0 Read  Op 000000c0 00000000
(700) TM (0) 0 Write Op 00000204 0000000f
(710) TM (0) 0 Read  Op 000000c4 00000001
(710) TM (0) 0 Write Op 00000208 00000000
(720) TM (0) 0 Read  Op 000000c8 00000002
(720) TM (0) 0 Write Op 0000020c 00000001
(730) TM (0) 0 Read  Op 000000cc 00000003
(730) TM (0) 0 Write Op 00000210 00000002
(740) TM (0) 0 Read  Op 000000d0 00000004
(740) TM (0) 0 Write Op 00000214 00000003
(750) TM (0) 0 Read  Op 000000d4 00000005
(750) TM (0) 0 Write Op 00000218 00000004
(760) TM (0) 0 Read  Op 000000d8 00000006
(760) TM (0) 0 Write Op 0000021c 00000005
(770) TM (0) 0 Read  Op 000000dc 00000007
(770) TM (0) 0 Write Op 00000220 00000006
(780) TM (0) 0 Read  Op 000000e0 00000008
(780) TM (0) 0 Write Op 00000224 00000007
(790) TM (0) 0 Read  Op 000000e4 00000009
(790) TM (0) 0 Write Op 00000228 00000008
(800) TM (0) 0 Read  Op 000000a8 0000000a
(800) TM (0) 0 Write Op 0000022c 00000009
(810) TM (0) 0 Read  Op 000000ac 0000000b
(810) TM (0) 0 Write Op 00000230 0000000a
(820) TM (0) 0 Read  Op 000000b0 0000000c
(820) TM (0) 0 Write Op 00000234 0000000b
(830) TM (0) 0 Read  Op 000000b4 0000000d
(830) TM (0) 0 Write Op 00000238 0000000c
(840) TM (0) 0 Read  Op 000000b8 0000000e
(840) TM (0) 0 Write Op 0000023c 0000000d
(850) TM (0) 0 Read  Op 000000bc 0000000f
(850) TM (0) 0 Write Op 00000240 0000000e
(860) TM (0) 0 Read  Op 000000c0 00000000
(860) TM (0) 0 Write Op 00000244 0000000f
(870) TM (0) 0 Read  Op 000000c4 00000001
(870) TM (0) 0 Write Op 00000248 00000000
(880) TM (0) 0 Write Op 0000024c 00000001
(950) DMA: receiving descriptor (src: 638 dst: 7cc len: 27)
(960) TM (0) 0 Read  Op 00000638 0000000c
(970) TM (0) 0 Read  Op 0000063c 0000000d
(970) TM (0) 0 Write Op 000007cc 0000000c
(980) TM (0) 0 Read  Op 00000640 0000000e
(980) TM (0) 0 Write Op 000007d0 0000000d
(990) TM (0) 0 Read  Op 00000644 0000000f
(990) TM (0) 0 Write Op 000007d4 0000000e
(1000) TM (0) 0 Read  Op 00000648 00000000
(1000) TM (0) 0 Write Op 000007d8 0000000f
(1010) TM (0) 0 Read  Op 0000064c 00000001
(1010) TM (0) 0 Write Op 000007dc 00000000
(1020) TM (0) 0 Read  Op 00000650 00000004
(1020) TM (0) 0 Write Op 000007e0 00000001
(1030) TM (0) 0 Read  Op 00000654 00000005
(1030) TM (0) 0 Write Op 000007e4 00000004
(1040) TM (0) 0 Read  Op 00000658 00000006
(1040) TM (0) 0 Write Op 000007e8 00000005
(1050) TM (0) 0 Read  Op 0000065c 00000007
(1050) TM (0) 0 Write Op 000007ec 00000006
(1060) TM (0) 0 Read  Op 00000660 00000008
(1060) TM (0) 0 Write Op 000007f0 00000007
(1070) TM (0) 0 Read  Op 00000664 00000009
(1070) TM (0) 0 Write Op 000007f4 00000008
(1080) TM (0) 0 Read  Op 00000668 0000000a
(1080) TM (0) 0 Write Op 000007f8 00000009
(1090) TM (0) 0 Read  Op 0000066c 0000000b
(1090) TM (0) 0 Write Op 000007fc 0000000a
(1100) TM (0) 0 Read  Op 00000670 0000000c
(1100) TM (0) 0 Write Op 00000800 0000000b
(1110) TM (0) 0 Read  Op 00000674 0000000d
(1110) TM (0) 0 Write Op 00000804 0000000c
(1120) TM (0) 0 Read  Op 00000638 0000000c
(1120) TM (0) 0 Write Op 00000808 0000000d
(1130) TM (0) 0 Read  Op 0000063c 0000000d
(1130) TM (0) 0 Write Op 0000080c 0000000c
(1140) TM (0) 0 Read  Op 00000640 0000000e
(1140) TM (0) 0 Write Op 00000810 0000000d
(1150) TM (0) 0 Read  Op 00000644 0000000f
(1150) TM (0) 0 Write Op 00000814 0000000e
(1160) TM (0) 0 Read  Op 00000648 00000000
(1160) TM (0) 0 Write Op 00000818 0000000f
(1170) TM (0) 0 Read  Op 0000064c 00000001
(1170) TM (0) 0 Write Op 0000081c 00000000
(1180) TM (0) 0 Read  Op 00000650 00000004
(1180) TM (0) 0 Write Op 00000820 00000001
(1190) TM (0) 0 Read  Op 00000654 00000005
(1190) TM (0) 0 Write Op 00000824 00000004
(1200) TM (0) 0 Read  Op 00000658 00000006
(1200) TM (0) 0 Write Op 00000828 00000005
(1210) TM (0) 0 Read  Op 0000065c 00000007
(1210) TM (0) 0 Write Op 0000082c 00000006
(1220) TM (0) 0 Read  Op 00000660 00000008
(1220) TM (0) 0 Write Op 00000830 00000007
(1230) TM (0) 0 Write Op 00000834 00000008
(1310) DMA: receiving descriptor (src: 794 dst: 7a4 len: 60)
(1320) TM (0) 0 Read  Op 00000794 00000005
(1330) TM (0) 0 Read  Op 00000798 00000006
(1330) TM (0) 0 Write Op 000007a4 00000005
(1340) TM (0) 0 Read  Op 0000079c 00000007
(1340) TM (0) 0 Write Op 000007a8 00000006
(1350) TM (0) 0 Read  Op 000007a0 00000008
(1350) TM (0) 0 Write Op 000007ac 00000007
(1360) TM (0) 0 Read  Op 000007a4 00000005
(1360) TM (0) 0 Write Op 000007b0 00000008
(1370) TM (0) 0 Read  Op 000007a8 00000006
(1370) TM (0) 0 Write Op 000007b4 00000005
(1380) TM (0) 0 Read  Op 000007ac 00000007
(1380) TM (0) 0 Write Op 000007b8 00000006
(1390) TM (0) 0 Read  Op 000007b0 00000008
(1390) TM (0) 0 Write Op 000007bc 00000007
(1400) TM (0) 0 Read  Op 000007b4 00000005
(1400) TM (0) 0 Write Op 000007c0 00000008
(1410) TM (0) 0 Read  Op 000007b8 00000006
(1410) TM (0) 0 Write Op 000007c4 00000005
(1420) TM (0) 0 Read  Op 000007bc 00000007
(1420) TM (0) 0 Write Op 000007c8 00000006
(1430) TM (0) 0 Read  Op 000007c0 00000008
(1430) TM (0) 0 Write Op 000007cc 00000007
(1440) TM (0) 0 Read  Op 000007c4 00000005
(1440) TM (0) 0 Write Op 000007d0 00000008
(1450) TM (0) 0 Read  Op 000007c8 00000006
(1450) TM (0) 0 Write Op 000007d4 00000005
(1460) TM (0) 0 Read  Op 000007cc 00000007
(1460) TM (0) 0 Write Op 000007d8 00000006
(1470) TM (0) 0 Read  Op 000007d0 00000008
(1470) TM (0) 0 Write Op 000007dc 00000007
(1480) TM (0) 0 Read  Op 00000794 00000005
(1480) TM (0) 0 Write Op 000007e0 00000008
(1490) TM (0) 0 Read  Op 00000798 00000006
(1490) TM (0) 0 Write Op 000007e4 00000005
(1500) TM (0) 0 Read  Op 0000079c 00000007
(1500) TM (0) 0 Write Op 000007e8 00000006
(1510) TM (0) 0 Read  Op 000007a0 00000008
(1510) TM (0) 0 Write Op 000007ec 00000007
(1520) TM (0) 0 Read  Op 000007a4 00000005
(1520) TM (0) 0 Write Op 000007f0 00000008
(1530) TM (0) 0 Read  Op 000007a8 00000006
(1530) TM (0) 0 Write Op 000007f4 00000005
(1540) TM (0) 0 Read  Op 000007ac 00000007
(1540) TM (0) 0 Write Op 000007f8 00000006
(1550) TM (0) 0 Read  Op 000007b0 00000008
(1550) TM (0) 0 Write Op 000007fc 00000007
(1560) TM (0) 0 Read  Op 000007b4 00000005
(1560) TM (0) 0 Write Op 00000800 00000008
(1570) TM (0) 0 Read  Op 000007b8 00000006
(1570) TM (0) 0 Write Op 00000804 00000005
(1580) TM (0) 0 Read  Op 000007bc 00000007
(1580) TM (0) 0 Write Op 00000808 00000006
(1590) TM (0) 0 Read  Op 000007c0 00000008
(1590) TM (0) 0 Write Op 0000080c 00000007
(1600) TM (0) 0 Read  Op 000007c4 00000005
(1600) TM (0) 0 Write Op 00000810 00000008
(1610) TM (0) 0 Read  Op 000007c8 00000006
(1610) TM (0) 0 Write Op 00000814 00000005
(1620) TM (0) 0 Read  Op 000007cc 00000007
(1620) TM (0) 0 Write Op 00000818 00000006
(1630) TM (0) 0 Read  Op 000007d0 00000008
(1630) TM (0) 0 Write Op 0000081c 00000007
(1640) TM (0) 0 Read  Op 00000794 00000005
(1640) TM (0) 0 Write Op 00000820 00000008
(1650) TM (0) 0 Read  Op 00000798 00000006
(1650) TM (0) 0 Write Op 00000824 00000005
(1660) TM (0) 0 Read  Op 0000079c 00000007
(1660) TM (0) 0 Write Op 00000828 00000006
(1670) TM (0) 0 Read  Op 000007a0 00000008
(1670) TM (0) 0 Write Op 0000082c 00000007
(1680) TM (0) 0 Read  Op 000007a4 00000005
(1680) TM (0) 0 Write Op 00000830 00000008
(1690) TM (0) 0 Read  Op 000007a8 00000006
(1690) TM (0) 0 Write Op 00000834 00000005
(1700) TM (0) 0 Read  Op 000007ac 00000007
(1700) TM (0) 0 Write Op 00000838 00000006
(1710) TM (0) 0 Read  Op 000007b0 00000008
(1710) TM (0) 0 Write Op 0000083c 00000007
(1720) TM (0) 0 Read  Op 000007b4 00000005
(1720) TM (0) 0 Write Op 00000840 00000008
(1730) TM (0) 0 Read  Op 000007b8 00000006
(1730) TM (0) 0 Write Op 00000844 00000005
(1740) TM (0) 0 Read  Op 000007bc 00000007
(1740) TM (0) 0 Write Op 00000848 00000006
(1750) TM (0) 0 Read  Op 000007c0 00000008
(1750) TM (0) 0 Write Op 0000084c 00000007
(1760) TM (0) 0 Read  Op 000007c4 00000005
(1760) TM (0) 0 Write Op 00000850 00000008
(1770) TM (0) 0 Read  Op 000007c8 00000006
(1770) TM (0) 0 Write Op 00000854 00000005
(1780) TM (0) 0 Read  Op 000007cc 00000007
(1780) TM (0) 0 Write Op 00000858 00000006
(1790) TM (0) 0 Read  Op 000007d0 00000008
(1790) TM (0) 0 Write Op 0000085c 00000007
(1800) TM (0) 0 Read  Op 00000794 00000005
(1800) TM (0) 0 Write Op 00000860 00000008
(1810) TM (0) 0 Read  Op 00000798 00000006
(1810) TM (0) 0 Write Op 00000864 00000005
(1820) TM (0) 0 Read  Op 0000079c 00000007
(1820) TM (0) 0 Write Op 00000868 00000006
(1830) TM (0) 0 Read  Op 000007a0 00000008
(1830) TM (0) 0 Write Op 0000086c 00000007
(1840) TM (0) 0 Read  Op 000007a4 00000005
(1840) TM (0) 0 Write Op 00000870 00000008
(1850) TM (0) 0 Read  Op 000007a8 00000006
(1850) TM (0) 0 Write Op 00000874 00000005
(1860) TM (0) 0 Read  Op 000007ac 00000007
(1860) TM (0) 0 Write Op 00000878 00000006
(1870) TM (0) 0 Read  Op 000007b0 00000008
(1870) TM (0) 0 Write Op 0000087c 00000007
(1880) TM (0) 0 Read  Op 000007b4 00000005
(1880) TM (0) 0 Write Op 00000880 00000008
(1890) TM (0) 0 Read  Op 000007b8 00000006
(1890) TM (0) 0 Write Op 00000884 00000005
(1900) TM (0) 0 Read  Op 000007bc 00000007
(1900) TM (0) 0 Write Op 00000888 00000006
(1910) TM (0) 0 Read  Op 000007c0 00000008
(1910) TM (0) 0 Write Op 0000088c 00000007
(1920) TM (0) 0 Write Op 00000890 00000008
(1990) DMA: receiving descriptor (src: 184 dst: 61c len:  2)
(2000) TM (0) 0 Read  Op 00000184 0000000f
(2010) TM (0) 0 Read  Op 00000188 00000000
(2010) TM (0) 0 Write Op 0000061c 0000000f
(2020) TM (0) 0 Write Op 00000620 00000000
(2110) DMA: receiving descriptor (src: 59c dst: 66c len:  3)
(2120) TM (0) 0 Read  Op 0000059c 00000005
(2130) TM (0) 0 Read  Op 000005a0 00000006
(2130) TM (0) 0 Write Op 0000066c 00000005
(2140) TM (0) 0 Read  Op 000005a4 00000007
(2140) TM (0) 0 Write Op 00000670 00000006
(2150) TM (0) 0 Write Op 00000674 00000007
(2230) DMA: receiving descriptor (src: 05c dst: 16c len: 16)
(2240) TM (0) 0 Read  Op 0000005c 00000007
(2250) TM (0) 0 Read  Op 00000060 00000008
(2250) TM (0) 0 Write Op 0000016c 00000007
(2260) TM (0) 0 Read  Op 00000064 00000005
(2260) TM (0) 0 Write Op 00000170 00000008
(2270) TM (0) 0 Read  Op 00000068 00000006
(2270) TM (0) 0 Write Op 00000174 00000005
(2280) TM (0) 0 Read  Op 0000006c 00000007
(2280) TM (0) 0 Write Op 00000178 00000006
(2290) TM (0) 0 Read  Op 00000070 00000008
(2290) TM (0) 0 Write Op 0000017c 00000007
(2300) TM (0) 0 Read  Op 00000074 00000005
(2300) TM (0) 0 Write Op 00000180 00000008
(2310) TM (0) 0 Read  Op 00000078 00000006
(2310) TM (0) 0 Write Op 00000184 00000005
(2320) TM (0) 0 Read  Op 0000007c 00000007
(2320) TM (0) 0 Write Op 00000188 00000006
(2330) TM (0) 0 Read  Op 00000080 00000008
(2330) TM (0) 0 Write Op 0000018c 00000007
(2340) TM (0) 0 Read  Op 00000084 00000005
(2340) TM (0) 0 Write Op 00000190 00000008
(2350) TM (0) 0 Read  Op 00000088 00000006
(2350) TM (0) 0 Write Op 00000194 00000005
(2360) TM (0) 0 Read  Op 0000008c 00000007
(2360) TM (0) 0 Write Op 00000198 00000006
(2370) TM (0) 0 Read  Op 00000090 00000008
(2370) TM (0) 0 Write Op 0000019c 00000007
(2380) TM (0) 0 Read  Op 00000094 00000005
(2380) TM (0) 0 Write Op 000001a0 00000008
(2390) TM (0) 0 Read  Op 00000098 00000006
(2390) TM (0) 0 Write Op 000001a4 00000005
(2400) TM (0) 0 Write Op 000001a8 00000006
(2470) DMA: receiving descriptor (src: 344 dst: 154 len: 21)
(2480) TM (0) 0 Read  Op 00000344 00000001
(2490) TM (0) 0 Read  Op 00000348 00000002
(2490) TM (0) 0 Write Op 00000154 00000001
(2500) TM (0) 0 Read  Op 0000034c 00000003
(2500) TM (0) 0 Write Op 00000158 00000002
(2510) TM (0) 0 Read  Op 00000350 00000004
(2510) TM (0) 0 Write Op 0000015c 00000003
(2520) TM (0) 0 Read  Op 00000354 00000005
(2520) TM (0) 0 Write Op 00000160 00000004
(2530) TM (0) 0 Read  Op 00000358 00000006
(2530) TM (0) 0 Write Op 00000164 00000005
(2540) TM (0) 0 Read  Op 0000035c 00000007
(2540) TM (0) 0 Write Op 00000168 00000006
(2550) TM (0) 0 Read  Op 00000360 00000008
(2550) TM (0) 0 Write Op 0000016c 00000007
(2560) TM (0) 0 Read  Op 00000364 00000009
(2560) TM (0) 0 Write Op 00000170 00000008
(2570) TM (0) 0 Read  Op 00000368 0000000a
(2570) TM (0) 0 Write Op 00000174 00000009
(2580) TM (0) 0 Read  Op 0000036c 0000000b
(2580) TM (0) 0 Write Op 00000178 0000000a
(2590) TM (0) 0 Read  Op 00000370 0000000c
(2590) TM (0) 0 Write Op 0000017c 0000000b
(2600) TM (0) 0 Read  Op 00000374 0000000d
(2600) TM (0) 0 Write Op 00000180 0000000c
(2610) TM (0) 0 Read  Op 00000378 0000000e
(2610) TM (0) 0 Write Op 00000184 0000000d
(2620) TM (0) 0 Read  Op 0000037c 0000000f
(2620) TM (0) 0 Write Op 00000188 0000000e
(2630) TM (0) 0 Read  Op 00000380 00000000
(2630) TM (0) 0 Write Op 0000018c 0000000f
(2640) TM (0) 0 Read  Op 00000344 00000001
(2640) TM (0) 0 Write Op 00000190 00000000
(2650) TM (0) 0 Read  Op 00000348 00000002
(2650) TM (0) 0 Write Op 00000194 00000001
(2660) TM (0) 0 Read  Op 0000034c 00000003
(2660) TM (0) 0 Write Op 00000198 00000002
(2670) TM (0) 0 Read  Op 00000350 00000004
(2670) TM (0) 0 Write Op 0000019c 00000003
(2680) TM (0) 0 Read  Op 00000354 00000005
(2680) TM (0) 0 Write Op 000001a0 00000004
(2690) TM (0) 0 Write Op 000001a4 00000005
(2790) DMA: receiving descriptor (src: 260 dst: 43c len: 42)
(2800) TM (0) 0 Read  Op 00000260 00000008
(2810) TM (0) 0 Read  Op 00000264 00000009
(2810) TM (0) 0 Write Op 0000043c 00000008
(2820) TM (0) 0 Read  Op 00000268 0000000a
(2820) TM (0) 0 Write Op 00000440 00000009
(2830) TM (0) 0 Read  Op 0000026c 00000005
(2830) TM (0) 0 Write Op 00000444 0000000a
(2840) TM (0) 0 Read  Op 00000270 00000006
(2840) TM (0) 0 Write Op 00000448 00000005
(2850) TM (0) 0 Read  Op 00000274 00000007
(2850) TM (0) 0 Write Op 0000044c 00000006
(2860) TM (0) 0 Read  Op 00000278 0000000e
(2860) TM (0) 0 Write Op 00000450 00000007
(2870) TM (0) 0 Read  Op 0000027c 0000000f
(2870) TM (0) 0 Write Op 00000454 0000000e
(2880) TM (0) 0 Read  Op 00000280 00000000
(2880) TM (0) 0 Write Op 00000458 0000000f
(2890) TM (0) 0 Read  Op 00000284 00000001
(2890) TM (0) 0 Write Op 0000045c 00000000
(2900) TM (0) 0 Read  Op 00000288 00000002
(2900) TM (0) 0 Write Op 00000460 00000001
(2910) TM (0) 0 Read  Op 0000028c 00000003
(2910) TM (0) 0 Write Op 00000464 00000002
(2920) TM (0) 0 Read  Op 00000290 00000004
(2920) TM (0) 0 Write Op 00000468 00000003
(2930) TM (0) 0 Read  Op 00000294 00000005
(2930) TM (0) 0 Write Op 0000046c 00000004
(2940) TM (0) 0 Read  Op 00000298 00000006
(2940) TM (0) 0 Write Op 00000470 00000005
(2950) TM (0) 0 Read  Op 0000029c 00000007
(2950) TM (0) 0 Write Op 00000474 00000006
(2960) TM (0) 0 Read  Op 00000260 00000008
(2960) TM (0) 0 Write Op 00000478 00000007
(2970) TM (0) 0 Read  Op 00000264 00000009
(2970) TM (0) 0 Write Op 0000047c 00000008
(2980) TM (0) 0 Read  Op 00000268 0000000a
(2980) TM (0) 0 Write Op 00000480 00000009
(2990) TM (0) 0 Read  Op 0000026c 00000005
(2990) TM (0) 0 Write Op 00000484 0000000a
(3000) TM (0) 0 Read  Op 00000270 00000006
(3000) TM (0) 0 Write Op 00000488 00000005
(3010) TM (0) 0 Read  Op 00000274 00000007
(3010) TM (0) 0 Write Op 0000048c 00000006
(3020) TM (0) 0 Read  Op 00000278 0000000e
(3020) TM (0) 0 Write Op 00000490 00000007
(3030) TM (0) 0 Read  Op 0000027c 0000000f
(3030) TM (0) 0 Write Op 00000494 0000000e
(3040) TM (0) 0 Read  Op 00000280 00000000
(3040) TM (0) 0 Write Op 00000498 0000000f
(3050) TM (0) 0 Read  Op 00000284 00000001
(3050) TM (0) 0 Write Op 0000049c 00000000
(3060) TM (0) 0 Read  Op 00000288 00000002
(3060) TM (0) 0 Write Op 000004a0 00000001
(3070) TM (0) 0 Read  Op 0000028c 00000003
(3070) TM (0) 0 Write Op 000004a4 00000002
(3080) TM (0) 0 Read  Op 00000290 00000004
(3080) TM (0) 0 Write Op 000004a8 00000003
(3090) TM (0) 0 Read  Op 00000294 00000005
(3090) TM (0) 0 Write Op 000004ac 00000004
(3100) TM (0) 0 Read  Op 00000298 00000006
(3100) TM (0) 0 Write Op 000004b0 00000005
(3110) TM (0) 0 Read  Op 0000029c 00000007
(3110) TM (0) 0 Write Op 000004b4 00000006
(3120) TM (0) 0 Read  Op 00000260 00000008
(3120) TM (0) 0 Write Op 000004b8 00000007
(3130) TM (0) 0 Read  Op 00000264 00000009
(3130) TM (0) 0 Write Op 000004bc 00000008
(3140) TM (0) 0 Read  Op 00000268 0000000a
(3140) TM (0) 0 Write Op 000004c0 00000009
(3150) TM (0) 0 Read  Op 0000026c 00000005
(3150) TM (0) 0 Write Op 000004c4 0000000a
(3160) TM (0) 0 Read  Op 00000270 00000006
(3160) TM (0) 0 Write Op 000004c8 00000005
(3170) TM (0) 0 Read  Op 00000274 00000007
(3170) TM (0) 0 Write Op 000004cc 00000006
(3180) TM (0) 0 Read  Op 00000278 0000000e
(3180) TM (0) 0 Write Op 000004d0 00000007
(3190) TM (0) 0 Read  Op 0000027c 0000000f
(3190) TM (0) 0 Write Op 000004d4 0000000e
(3200) TM (0) 0 Read  Op 00000280 00000000
(3200) TM (0) 0 Write Op 000004d8 0000000f
(3210) TM (0) 0 Read  Op 00000284 00000001
(3210) TM (0) 0 Write Op 000004dc 00000000
(3220) TM (0) 0 Write Op 000004e0 00000001
(3310) DMA: receiving descriptor (src: 240 dst: 468 len:  4)
(3320) TM (0) 0 Read  Op 00000240 0000000e
(3330) TM (0) 0 Read  Op 00000244 0000000f
(3330) TM (0) 0 Write Op 00000468 0000000e
(3340) TM (0) 0 Read  Op 00000248 00000000
(3340) TM (0) 0 Write Op 0000046c 0000000f
(3350) TM (0) 0 Read  Op 0000024c 00000001
(3350) TM (0) 0 Write Op 00000470 00000000
(3360) TM (0) 0 Write Op 00000474 00000001
(3430) DMA: receiving descriptor (src: 0e4 dst: 1fc len: 58)
(3440) TM (0) 0 Read  Op 000000e4 00000009
(3450) TM (0) 0 Read  Op 000000e8 0000000a
(3450) TM (0) 0 Write Op 000001fc 00000009
(3460) TM (0) 0 Read  Op 000000ec 0000000b
(3460) TM (0) 0 Write Op 00000200 0000000a
(3470) TM (0) 0 Read  Op 000000f0 0000000c
(3470) TM (0) 0 Write Op 00000204 0000000b
(3480) TM (0) 0 Read  Op 000000f4 0000000d
(3480) TM (0) 0 Write Op 00000208 0000000c
(3490) TM (0) 0 Read  Op 000000f8 0000000e
(3490) TM (0) 0 Write Op 0000020c 0000000d
(3500) TM (0) 0 Read  Op 000000fc 0000000f
(3500) TM (0) 0 Write Op 00000210 0000000e
(3510) TM (0) 0 Read  Op 00000100 00000000
(3510) TM (0) 0 Write Op 00000214 0000000f
(3520) TM (0) 0 Read  Op 00000104 00000001
(3520) TM (0) 0 Write Op 00000218 00000000
(3530) TM (0) 0 Read  Op 00000108 00000002
(3530) TM (0) 0 Write Op 0000021c 00000001
(3540) TM (0) 0 Read  Op 0000010c 00000003
(3540) TM (0) 0 Write Op 00000220 00000002
(3550) TM (0) 0 Read  Op 00000110 00000004
(3550) TM (0) 0 Write Op 00000224 00000003
(3560) TM (0) 0 Read  Op 00000114 00000005
(3560) TM (0) 0 Write Op 00000228 00000004
(3570) TM (0) 0 Read  Op 00000118 00000006
(3570) TM (0) 0 Write Op 0000022c 00000005
(3580) TM (0) 0 Read  Op 0000011c 00000007
(3580) TM (0) 0 Write Op 00000230 00000006
(3590) TM (0) 0 Read  Op 00000120 00000008
(3590) TM (0) 0 Write Op 00000234 00000007
(3600) TM (0) 0 Read  Op 000000e4 00000009
(3600) TM (0) 0 Write Op 00000238 00000008
(3610) TM (0) 0 Read  Op 000000e8 0000000a
(3610) TM (0) 0 Write Op 0000023c 00000009
(3620) TM (0) 0 Read  Op 000000ec 0000000b
(3620) TM (0) 0 Write Op 00000240 0000000a
(3630) TM (0) 0 Read  Op 000000f0 0000000c
(3630) TM (0) 0 Write Op 00000244 0000000b
(3640) TM (0) 0 Read  Op 000000f4 0000000d
(3640) TM (0) 0 Write Op 00000248 0000000c
(3650) TM (0) 0 Read  Op 000000f8 0000000e
(3650) TM (0) 0 Write Op 0000024c 0000000d
(3660) TM (0) 0 Read  Op 000000fc 0000000f
(3660) TM (0) 0 Write Op 00000250 0000000e
(3670) TM (0) 0 Read  Op 00000100 00000000
(3670) TM (0) 0 Write Op 00000254 0000000f
(3680) TM (0) 0 Read  Op 00000104 00000001
(3680) TM (0) 0 Write Op 00000258 00000000
(3690) TM (0) 0 Read  Op 00000108 00000002
(3690) TM (0) 0 Write Op 0000025c 00000001
(3700) TM (0) 0 Read  Op 0000010c 00000003
(3700) TM (0) 0 Write Op 00000260 00000002
(3710) TM (0) 0 Read  Op 00000110 00000004
(3710) TM (0) 0 Write Op 00000264 00000003
(3720) TM (0) 0 Read  Op 00000114 00000005
(3720) TM (0) 0 Write Op 00000268 00000004
(3730) TM (0) 0 Read  Op 00000118 00000006
(3730) TM (0) 0 Write Op 0000026c 00000005
(3740) TM (0) 0 Read  Op 0000011c 00000007
(3740) TM (0) 0 Write Op 00000270 00000006
(3750) TM (0) 0 Read  Op 00000120 00000008
(3750) TM (0) 0 Write Op 00000274 00000007
(3760) TM (0) 0 Read  Op 000000e4 00000009
(3760) TM (0) 0 Write Op 00000278 00000008
(3770) TM (0) 0 Read  Op 000000e8 0000000a
(3770) TM (0) 0 Write Op 0000027c 00000009
(3780) TM (0) 0 Read  Op 000000ec 0000000b
(3780) TM (0) 0 Write Op 00000280 0000000a
(3790) TM (0) 0 Read  Op 000000f0 0000000c
(3790) TM (0) 0 Write Op 00000284 0000000b
(3800) TM (0) 0 Read  Op 000000f4 0000000d
(3800) TM (0) 0 Write Op 00000288 0000000c
(3810) TM (0) 0 Read  Op 000000f8 0000000e
(3810) TM (0) 0 Write Op 0000028c 0000000d
(3820) TM (0) 0 Read  Op 000000fc 0000000f
(3820) TM (0) 0 Write Op 00000290 0000000e
(3830) TM (0) 0 Read  Op 00000100 00000000
(3830) TM (0) 0 Write Op 00000294 0000000f
(3840) TM (0) 0 Read  Op 00000104 00000001
(3840) TM (0) 0 Write Op 00000298 00000000
(3850) TM (0) 0 Read  Op 00000108 00000002
(3850) TM (0) 0 Write Op 0000029c 00000001
(3860) TM (0) 0 Read  Op 0000010c 00000003
(3860) TM (0) 0 Write Op 000002a0 00000002
(3870) TM (0) 0 Read  Op 00000110 00000004
(3870) TM (0) 0 Write Op 000002a4 00000003
(3880) TM (0) 0 Read  Op 00000114 00000005
(3880) TM (0) 0 Write Op 000002a8 00000004
(3890) TM (0) 0 Read  Op 00000118 00000006
(3890) TM (0) 0 Write Op 000002ac 00000005
(3900) TM (0) 0 Read  Op 0000011c 00000007
(3900) TM (0) 0 Write Op 000002b0 00000006
(3910) TM (0) 0 Read  Op 00000120 00000008
(3910) TM (0) 0 Write Op 000002b4 00000007
(3920) TM (0) 0 Read  Op 000000e4 00000009
(3920) TM (0) 0 Write Op 000002b8 00000008
(3930) TM (0) 0 Read  Op 000000e8 0000000a
(3930) TM (0) 0 Write Op 000002bc 00000009
(3940) TM (0) 0 Read  Op 000000ec 0000000b
(3940) TM (0) 0 Write Op 000002c0 0000000a
(3950) TM (0) 0 Read  Op 000000f0 0000000c
(3950) TM (0) 0 Write Op 000002c4 0000000b
(3960) TM (0) 0 Read  Op 000000f4 0000000d
(3960) TM (0) 0 Write Op 000002c8 0000000c
(3970) TM (0) 0 Read  Op 000000f8 0000000e
(3970) TM (0) 0 Write Op 000002cc 0000000d
(3980) TM (0) 0 Read  Op 000000fc 0000000f
(3980) TM (0) 0 Write Op 000002d0 0000000e
(3990) TM (0) 0 Read  Op 00000100 00000000
(3990) TM (0) 0 Write Op 000002d4 0000000f
(4000) TM (0) 0 Read  Op 00000104 00000001
(4000) TM (0) 0 Write Op 000002d8 00000000
(4010) TM (0) 0 Read  Op 00000108 00000002
(4010) TM (0) 0 Write Op 000002dc 00000001
(4020) TM (0) 0 Write Op 000002e0 00000002
(4110) DMA: receiving descriptor (src: 2fc dst: 404 len: 30)
(4120) TM (0) 0 Read  Op 000002fc 00000000
(4130) TM (0) 0 Read  Op 00000300 00000001
(4130) TM (0) 0 Write Op 00000404 00000000
(4140) TM (0) 0 Read  Op 00000304 00000002
(4140) TM (0) 0 Write Op 00000408 00000001
(4150) TM (0) 0 Read  Op 00000308 00000003
(4150) TM (0) 0 Write Op 0000040c 00000002
(4160) TM (0) 0 Read  Op 0000030c 00000004
(4160) TM (0) 0 Write Op 00000410 00000003
(4170) TM (0) 0 Read  Op 00000310 00000005
(4170) TM (0) 0 Write Op 00000414 00000004
(4180) TM (0) 0 Read  Op 00000314 00000006
(4180) TM (0) 0 Write Op 00000418 00000005
(4190) TM (0) 0 Read  Op 00000318 00000007
(4190) TM (0) 0 Write Op 0000041c 00000006
(4200) TM (0) 0 Read  Op 0000031c 00000007
(4200) TM (0) 0 Write Op 00000420 00000007
(4210) TM (0) 0 Read  Op 00000320 00000008
(4210) TM (0) 0 Write Op 00000424 00000007
(4220) TM (0) 0 Read  Op 00000324 00000009
(4220) TM (0) 0 Write Op 00000428 00000008
(4230) TM (0) 0 Read  Op 00000328 0000000a
(4230) TM (0) 0 Write Op 0000042c 00000009
(4240) TM (0) 0 Read  Op 0000032c 0000000b
(4240) TM (0) 0 Write Op 00000430 0000000a
(4250) TM (0) 0 Read  Op 00000330 0000000c
(4250) TM (0) 0 Write Op 00000434 0000000b
(4260) TM (0) 0 Read  Op 00000334 0000000d
(4260) TM (0) 0 Write Op 00000438 0000000c
(4270) TM (0) 0 Read  Op 00000338 0000000e
(4270) TM (0) 0 Write Op 0000043c 0000000d
(4280) TM (0) 0 Read  Op 000002fc 00000000
(4280) TM (0) 0 Write Op 00000440 0000000e
(4290) TM (0) 0 Read  Op 00000300 00000001
(4290) TM (0) 0 Write Op 00000444 00000000
(4300) TM (0) 0 Read  Op 00000304 00000002
(4300) TM (0) 0 Write Op 00000448 00000001
(4310) TM (0) 0 Read  Op 00000308 00000003
(4310) TM (0) 0 Write Op 0000044c 00000002
(4320) TM (0) 0 Read  Op 0000030c 00000004
(4320) TM (0) 0 Write Op 00000450 00000003
(4330) TM (0) 0 Read  Op 00000310 00000005
(4330) TM (0) 0 Write Op 00000454 00000004
(4340) TM (0) 0 Read  Op 00000314 00000006
(4340) TM (0) 0 Write Op 00000458 00000005
(4350) TM (0) 0 Read  Op 00000318 00000007
(4350) TM (0) 0 Write Op 0000045c 00000006
(4360) TM (0) 0 Read  Op 0000031c 00000007
(4360) TM (0) 0 Write Op 00000460 00000007
(4370) TM (0) 0 Read  Op 00000320 00000008
(4370) TM (0) 0 Write Op 00000464 00000007
(4380) TM (0) 0 Read  Op 00000324 00000009
(4380) TM (0) 0 Write Op 00000468 00000008
(4390) TM (0) 0 Read  Op 00000328 0000000a
(4390) TM (0) 0 Write Op 0000046c 00000009
(4400) TM (0) 0 Read  Op 0000032c 0000000b
(4400) TM (0) 0 Write Op 00000470 0000000a
(4410) TM (0) 0 Read  Op 00000330 0000000c
(4410) TM (0) 0 Write Op 00000474 0000000b
(4420) TM (0) 0 Write Op 00000478 0000000c
(4510) DMA: receiving descriptor (src: 0ac dst: 270 len: 12)
(4520) TM (0) 0 Read  Op 000000ac 00000004
(4530) TM (0) 0 Read  Op 000000b0 00000005
(4530) TM (0) 0 Write Op 00000270 00000004
(4540) TM (0) 0 Read  Op 000000b4 00000006
(4540) TM (0) 0 Write Op 00000274 00000005
(4550) TM (0) 0 Read  Op 000000b8 00000007
(4550) TM (0) 0 Write Op 00000278 00000006
(4560) TM (0) 0 Read  Op 000000bc 00000008
(4560) TM (0) 0 Write Op 0000027c 00000007
(4570) TM (0) 0 Read  Op 000000c0 00000009
(4570) TM (0) 0 Write Op 00000280 00000008
(4580) TM (0) 0 Read  Op 000000c4 0000000a
(4580) TM (0) 0 Write Op 00000284 00000009
(4590) TM (0) 0 Read  Op 000000c8 00000005
(4590) TM (0) 0 Write Op 00000288 0000000a
(4600) TM (0) 0 Read  Op 000000cc 00000006
(4600) TM (0) 0 Write Op 0000028c 00000005
(4610) TM (0) 0 Read  Op 000000d0 00000007
(4610) TM (0) 0 Write Op 00000290 00000006
(4620) TM (0) 0 Read  Op 000000d4 0000000e
(4620) TM (0) 0 Write Op 00000294 00000007
(4630) TM (0) 0 Read  Op 000000d8 0000000f
(4630) TM (0) 0 Write Op 00000298 0000000e
(4640) TM (0) 0 Write Op 0000029c 0000000f
(4710) DMA: receiving descriptor (src: 658 dst: 044 len: 13)
(4720) TM (0) 0 Read  Op 00000658 00000000
(4730) TM (0) 0 Read  Op 0000065c 00000001
(4730) TM (0) 0 Write Op 00000044 00000000
(4740) TM (0) 0 Read  Op 00000660 00000002
(4740) TM (0) 0 Write Op 00000048 00000001
(4750) TM (0) 0 Read  Op 00000664 00000003
(4750) TM (0) 0 Write Op 0000004c 00000002
(4760) TM (0) 0 Read  Op 00000668 00000004
(4760) TM (0) 0 Write Op 00000050 00000003
(4770) TM (0) 0 Read  Op 0000066c 00000005
(4770) TM (0) 0 Write Op 00000054 00000004
(4780) TM (0) 0 Read  Op 00000670 00000004
(4780) TM (0) 0 Write Op 00000058 00000005
(4790) TM (0) 0 Read  Op 00000674 00000005
(4790) TM (0) 0 Write Op 0000005c 00000004
(4800) TM (0) 0 Read  Op 00000678 00000006
(4800) TM (0) 0 Write Op 00000060 00000005
(4810) TM (0) 0 Read  Op 0000067c 00000007
(4810) TM (0) 0 Write Op 00000064 00000006
(4820) TM (0) 0 Read  Op 00000680 00000008
(4820) TM (0) 0 Write Op 00000068 00000007
(4830) TM (0) 0 Read  Op 00000684 00000009
(4830) TM (0) 0 Write Op 0000006c 00000008
(4840) TM (0) 0 Read  Op 00000688 0000000a
(4840) TM (0) 0 Write Op 00000070 00000009
(4850) TM (0) 0 Write Op 00000074 0000000a
(4950) DMA: receiving descriptor (src: 160 dst: 68c len: 13)
(4960) TM (0) 0 Read  Op 00000160 00000004
(4970) TM (0) 0 Read  Op 00000164 00000005
(4970) TM (0) 0 Write Op 0000068c 00000004
(4980) TM (0) 0 Read  Op 00000168 00000006
(4980) TM (0) 0 Write Op 00000690 00000005
(4990) TM (0) 0 Read  Op 0000016c 00000007
(4990) TM (0) 0 Write Op 00000694 00000006
(5000) TM (0) 0 Read  Op 00000170 00000008
(5000) TM (0) 0 Write Op 00000698 00000007
