[         1] Contents: <V tagged Invalid  tagged Invalid  tagged Invalid   >
[         1] Enq  0
[         2] Contents: <V tagged Valid 'h0 tagged Invalid  tagged Invalid   >
[         2] Enq  1
[         2] Deq  0
[         3] Contents: <V tagged Valid 'h1 tagged Invalid  tagged Invalid   >
[         3] Enq  2
[         3] Deq  1
[         4] Contents: <V tagged Valid 'h2 tagged Invalid  tagged Invalid   >
[         4] Enq  3
[         4] Deq  2
[         5] Contents: <V tagged Valid 'h3 tagged Invalid  tagged Invalid   >
[         5] Enq  4
[         5] Deq  3
[         6] Contents: <V tagged Valid 'h4 tagged Invalid  tagged Invalid   >
[         6] Enq  5
[         6] Deq  4
[         7] Contents: <V tagged Valid 'h5 tagged Invalid  tagged Invalid   >
[         7] Enq  6
[         7] Deq  5
[         8] Contents: <V tagged Valid 'h6 tagged Invalid  tagged Invalid   >
[         8] Enq  7
[         8] Deq  6
[         9] Deq  7
